Archive member included to satisfy reference by file (symbol)

/usr/bin/../lib/gcc/arm-none-eabi/7.3.1/thumb/v7e-m/libgcc.a(_arm_addsubdf3.o)
                              build/main.o (__aeabi_ui2d)
/usr/bin/../lib/gcc/arm-none-eabi/7.3.1/thumb/v7e-m/libgcc.a(_arm_cmpdf2.o)
                              build/main.o (__aeabi_dcmplt)
/usr/bin/../lib/gcc/arm-none-eabi/7.3.1/../../../../arm-none-eabi/lib/thumb/v7e-m/libg.a(lib_a-errno.o)
                              lib_build/syscalls.o (__errno)
/usr/bin/../lib/gcc/arm-none-eabi/7.3.1/../../../../arm-none-eabi/lib/thumb/v7e-m/libg.a(lib_a-impure.o)
                              /usr/bin/../lib/gcc/arm-none-eabi/7.3.1/../../../../arm-none-eabi/lib/thumb/v7e-m/libg.a(lib_a-errno.o) (_impure_ptr)
/usr/bin/../lib/gcc/arm-none-eabi/7.3.1/../../../../arm-none-eabi/lib/thumb/v7e-m/libg.a(lib_a-init.o)
                              lib_build/startup_XMC4500.o (__libc_init_array)
/usr/bin/../lib/gcc/arm-none-eabi/7.3.1/../../../../arm-none-eabi/lib/thumb/v7e-m/libg.a(lib_a-memcmp.o)
                              lib_build/HIDClassDevice.o (memcmp)
/usr/bin/../lib/gcc/arm-none-eabi/7.3.1/../../../../arm-none-eabi/lib/thumb/v7e-m/libg.a(lib_a-memcpy.o)
                              lib_build/xmc_usbd.o (memcpy)
/usr/bin/../lib/gcc/arm-none-eabi/7.3.1/../../../../arm-none-eabi/lib/thumb/v7e-m/libg.a(lib_a-memset.o)
                              build/KeyboardHID.o (memset)

Allocating common symbols
Common symbol       size              file

max_iteration_time  0x2a0             build/main.o
USB_IsInitialized   0x1               lib_build/USBTask.o
USB_DeviceState     0x1               lib_build/USBTask.o
event_handler_list  0x80              lib_build/xmc4_scu.o
buffer              0x8               build/KeyboardHID.o
endpoint0_in_buffer
                    0x100             lib_build/USBController_XMC4000.o
usbd_init           0x4               lib_build/xmc_usbd.o
USB_ControlRequest  0x8               lib_build/USBTask.o
endpoint0_out_buffer
                    0x100             lib_build/USBController_XMC4000.o
samples_response_time
                    0x8               build/main.o
xmc_device          0x208             lib_build/xmc_usbd.o
device              0x140             lib_build/USBController_XMC4000.o

Discarded input sections

 .group         0x0000000000000000        0xc build/main.o
 .group         0x0000000000000000        0xc build/main.o
 .group         0x0000000000000000        0xc build/main.o
 .group         0x0000000000000000        0xc build/main.o
 .group         0x0000000000000000        0xc build/main.o
 .group         0x0000000000000000        0xc build/main.o
 .group         0x0000000000000000        0xc build/main.o
 .group         0x0000000000000000        0xc build/main.o
 .group         0x0000000000000000        0xc build/main.o
 .group         0x0000000000000000        0xc build/main.o
 .group         0x0000000000000000        0xc build/main.o
 .group         0x0000000000000000        0xc build/main.o
 .group         0x0000000000000000        0xc build/main.o
 .group         0x0000000000000000        0xc build/main.o
 .group         0x0000000000000000        0xc build/main.o
 .group         0x0000000000000000        0xc build/main.o
 .group         0x0000000000000000        0xc build/main.o
 .group         0x0000000000000000        0xc build/main.o
 .group         0x0000000000000000        0xc build/main.o
 .group         0x0000000000000000        0xc build/main.o
 .group         0x0000000000000000        0xc build/main.o
 .group         0x0000000000000000        0xc build/main.o
 .group         0x0000000000000000        0xc build/main.o
 .group         0x0000000000000000        0xc build/main.o
 .group         0x0000000000000000        0xc build/main.o
 .group         0x0000000000000000        0xc build/main.o
 .group         0x0000000000000000        0xc build/main.o
 .group         0x0000000000000000        0xc build/main.o
 .group         0x0000000000000000        0xc build/main.o
 .group         0x0000000000000000        0xc build/main.o
 .group         0x0000000000000000        0xc build/main.o
 .group         0x0000000000000000        0xc build/main.o
 .group         0x0000000000000000        0xc build/main.o
 .group         0x0000000000000000        0xc build/main.o
 .group         0x0000000000000000        0xc build/main.o
 .group         0x0000000000000000        0xc build/main.o
 .group         0x0000000000000000        0xc build/main.o
 .group         0x0000000000000000        0xc build/main.o
 .group         0x0000000000000000        0xc build/main.o
 .group         0x0000000000000000        0xc build/main.o
 .group         0x0000000000000000        0xc build/main.o
 .group         0x0000000000000000        0xc build/main.o
 .group         0x0000000000000000        0xc build/main.o
 .group         0x0000000000000000        0xc build/main.o
 .group         0x0000000000000000        0xc build/main.o
[...]
Memory Configuration

Name             Origin             Length             Attributes
FLASH_1_cached   0x0000000008000000 0x0000000000100000 xr
FLASH_1_uncached 0x000000000c000000 0x0000000000100000 xr
PSRAM_1          0x0000000010000000 0x0000000000010000 !xr
DSRAM_1_system   0x0000000020000000 0x0000000000010000 !xr
DSRAM_2_comm     0x0000000030000000 0x0000000000008000 !xr
*default*        0x0000000000000000 0xffffffffffffffff

Linker script and memory map

LOAD build/main.o
LOAD build/Descriptors.o
LOAD build/KeyboardHID.o
LOAD build/authenticator_crack.o
LOAD build/timing.o
LOAD lib_build/xmc4_scu.o
LOAD lib_build/xmc_gpio.o
LOAD lib_build/HIDClassDevice.o
LOAD lib_build/memcpy.o
LOAD lib_build/Endpoint_XMC4000.o
LOAD lib_build/EndpointStream_XMC4000.o
LOAD lib_build/USBController_XMC4000.o
LOAD lib_build/xmc_usbd.o
LOAD lib_build/ConfigDescriptors.o
LOAD lib_build/HostStandardReq.o
LOAD lib_build/USBTask.o
LOAD lib_build/Events.o
LOAD lib_build/startup_XMC4500.o
LOAD lib_build/system_XMC4500.o
LOAD lib_build/syscalls.o
START GROUP
LOAD /usr/bin/../lib/gcc/arm-none-eabi/7.3.1/thumb/v7e-m/libgcc.a
LOAD /usr/bin/../lib/gcc/arm-none-eabi/7.3.1/../../../../arm-none-eabi/lib/thumb/v7e-m/libg.a
LOAD /usr/bin/../lib/gcc/arm-none-eabi/7.3.1/../../../../arm-none-eabi/lib/thumb/v7e-m/libc.a
END GROUP
START GROUP
LOAD /usr/bin/../lib/gcc/arm-none-eabi/7.3.1/thumb/v7e-m/libgcc.a
LOAD /usr/bin/../lib/gcc/arm-none-eabi/7.3.1/../../../../arm-none-eabi/lib/thumb/v7e-m/libc.a
LOAD /usr/bin/../lib/gcc/arm-none-eabi/7.3.1/../../../../arm-none-eabi/lib/thumb/v7e-m/libnosys.a
END GROUP
                0x0000000000000800                stack_size = DEFINED (stack_size)?stack_size:0x800
                0x0000000000000040                no_init_size = 0x40

.text           0x0000000008000000     0x70b8 load address 0x000000000c000000
                0x0000000008000000                sText = .
 *(.reset)
 .reset         0x0000000008000000      0x2b2 lib_build/startup_XMC4500.o
                0x0000000008000000                __Vectors
                0x0000000008000200                Reset_Handler
                0x00000000080002b0                VADC0_C0_3_IRQHandler
                0x00000000080002b0                DSD0_7_IRQHandler
                0x00000000080002b0                DebugMon_Handler
                0x00000000080002b0                VADC0_C0_0_IRQHandler
                0x00000000080002b0                CAN0_4_IRQHandler
                0x00000000080002b0                VADC0_G2_0_IRQHandler
                0x00000000080002b0                USIC0_5_IRQHandler
                0x00000000080002b0                POSIF0_0_IRQHandler
                0x00000000080002b0                POSIF1_0_IRQHandler
                0x00000000080002b0                HardFault_Handler
                0x00000000080002b0                VADC0_G1_1_IRQHandler
                0x00000000080002b0                PendSV_Handler
                0x00000000080002b0                NMI_Handler
                0x00000000080002b0                USIC1_3_IRQHandler
                0x00000000080002b0                CCU40_2_IRQHandler
                0x00000000080002b0                SCU_0_IRQHandler
                0x00000000080002b0                ERU0_0_IRQHandler
                0x00000000080002b0                CCU41_0_IRQHandler
                0x00000000080002b0                USIC1_5_IRQHandler
                0x00000000080002b0                DSD0_4_IRQHandler
                0x00000000080002b0                CCU80_1_IRQHandler
                0x00000000080002b0                CCU81_0_IRQHandler
                0x00000000080002b0                UsageFault_Handler
                0x00000000080002b0                USIC0_0_IRQHandler
                0x00000000080002b0                POSIF1_1_IRQHandler
                0x00000000080002b0                ERU0_2_IRQHandler
                0x00000000080002b0                CCU81_1_IRQHandler
                0x00000000080002b0                ERU1_1_IRQHandler
                0x00000000080002b0                VADC0_G2_3_IRQHandler
                0x00000000080002b0                VADC0_G2_2_IRQHandler
                0x00000000080002b0                CCU42_3_IRQHandler
                0x00000000080002b0                ERU0_3_IRQHandler
                0x00000000080002b0                DSD0_5_IRQHandler
                0x00000000080002b0                CAN0_6_IRQHandler
                0x00000000080002b0                CCU43_0_IRQHandler
                0x00000000080002b0                VADC0_G0_1_IRQHandler
                0x00000000080002b0                CCU81_2_IRQHandler
                0x00000000080002b0                USIC2_4_IRQHandler
                0x00000000080002b0                CCU81_3_IRQHandler
                0x00000000080002b0                CCU42_1_IRQHandler
                0x00000000080002b0                USIC1_1_IRQHandler
                0x00000000080002b0                USIC2_5_IRQHandler
                0x00000000080002b0                CCU40_0_IRQHandler
                0x00000000080002b0                CAN0_0_IRQHandler
                0x00000000080002b0                ERU1_0_IRQHandler
                0x00000000080002b0                CCU42_2_IRQHandler
                0x00000000080002b0                Default_Handler
                0x00000000080002b0                USIC1_4_IRQHandler
                0x00000000080002b0                ERU1_3_IRQHandler
                0x00000000080002b0                USIC1_0_IRQHandler
                0x00000000080002b0                POSIF0_1_IRQHandler
                0x00000000080002b0                VADC0_G0_0_IRQHandler
                0x00000000080002b0                DSD0_2_IRQHandler
                0x00000000080002b0                CCU80_3_IRQHandler
                0x00000000080002b0                CCU41_3_IRQHandler
                0x00000000080002b0                CCU80_2_IRQHandler
                0x00000000080002b0                VADC0_G1_3_IRQHandler
                0x00000000080002b0                VADC0_G0_3_IRQHandler
                0x00000000080002b0                GPDMA0_0_IRQHandler
                0x00000000080002b0                PMU0_0_IRQHandler
                0x00000000080002b0                CAN0_7_IRQHandler
                0x00000000080002b0                DSD0_1_IRQHandler
                0x00000000080002b0                CCU41_2_IRQHandler
                0x00000000080002b0                VADC0_C0_1_IRQHandler
                0x00000000080002b0                CCU43_2_IRQHandler
                0x00000000080002b0                USIC2_2_IRQHandler
                0x00000000080002b0                MemManage_Handler
                0x00000000080002b0                VADC0_G3_1_IRQHandler
                0x00000000080002b0                DAC0_0_IRQHandler
                0x00000000080002b0                SVC_Handler
                0x00000000080002b0                VADC0_G3_3_IRQHandler
                0x00000000080002b0                ERU1_2_IRQHandler
                0x00000000080002b0                CCU41_1_IRQHandler
                0x00000000080002b0                DSD0_6_IRQHandler
                0x00000000080002b0                CCU43_1_IRQHandler
                0x00000000080002b0                VADC0_G1_2_IRQHandler
                0x00000000080002b0                USIC2_3_IRQHandler
                0x00000000080002b0                CAN0_2_IRQHandler
                0x00000000080002b0                USIC2_0_IRQHandler
                0x00000000080002b0                VADC0_G0_2_IRQHandler
                0x00000000080002b0                VADC0_G2_1_IRQHandler
                0x00000000080002b0                CAN0_3_IRQHandler
                0x00000000080002b0                ETH0_0_IRQHandler
                0x00000000080002b0                USIC0_3_IRQHandler
                0x00000000080002b0                DSD0_0_IRQHandler
                0x00000000080002b0                VADC0_C0_2_IRQHandler
                0x00000000080002b0                CCU42_0_IRQHandler
                0x00000000080002b0                FCE0_0_IRQHandler
                0x00000000080002b0                VADC0_G1_0_IRQHandler
                0x00000000080002b0                CAN0_5_IRQHandler
                0x00000000080002b0                CCU80_0_IRQHandler
                0x00000000080002b0                CCU40_1_IRQHandler
                0x00000000080002b0                USIC2_1_IRQHandler
                0x00000000080002b0                USIC0_1_IRQHandler
                0x00000000080002b0                VADC0_G3_2_IRQHandler
                0x00000000080002b0                CCU40_3_IRQHandler
                0x00000000080002b0                BusFault_Handler
                0x00000000080002b0                LEDTS0_0_IRQHandler
                0x00000000080002b0                USIC0_4_IRQHandler
                0x00000000080002b0                CCU43_3_IRQHandler
                0x00000000080002b0                ERU0_1_IRQHandler
                0x00000000080002b0                VADC0_G3_0_IRQHandler
                0x00000000080002b0                USIC1_2_IRQHandler
                0x00000000080002b0                DSD0_3_IRQHandler
                0x00000000080002b0                SDMMC0_0_IRQHandler
                0x00000000080002b0                CAN0_1_IRQHandler
                0x00000000080002b0                USIC0_2_IRQHandler
                0x00000000080002b0                DAC0_1_IRQHandler
                0x00000000080002b0                GPDMA1_0_IRQHandler
 *(.text .text.* .gnu.linkonce.t.*)
 .text          0x00000000080002b2        0x0 build/main.o
 *fill*         0x00000000080002b2        0x2 
 .text.__NVIC_SetPriority
                0x00000000080002b4       0x54 build/main.o
 .text.SysTick_Config
                0x0000000008000308       0x44 build/main.o
 *fill*         0x000000000800034c        0x4 
 .text.main     0x0000000008000350       0xc0 build/main.o
                0x0000000008000350                main
 .text          0x0000000008000410        0x0 build/Descriptors.o
 .text.CALLBACK_USB_GetDescriptor
                0x0000000008000410      0x144 build/Descriptors.o
                0x0000000008000410                CALLBACK_USB_GetDescriptor
 .text          0x0000000008000554        0x0 build/KeyboardHID.o
 .text.__NVIC_GetPriorityGrouping
                0x0000000008000554       0x1c build/KeyboardHID.o
 .text.__NVIC_EnableIRQ
                0x0000000008000570       0x3c build/KeyboardHID.o
 .text.__NVIC_ClearPendingIRQ
                0x00000000080005ac       0x3c build/KeyboardHID.o
 .text.__NVIC_SetPriority
                0x00000000080005e8       0x54 build/KeyboardHID.o
 .text.NVIC_EncodePriority
                0x000000000800063c       0x66 build/KeyboardHID.o
 *fill*         0x00000000080006a2        0x2 
 .text.__NVIC_SystemReset
                0x00000000080006a4       0x28 build/KeyboardHID.o
 .text.XMC_GPIO_SetOutputHigh
                0x00000000080006cc       0x22 build/KeyboardHID.o
 .text.XMC_GPIO_SetOutputLow
                0x00000000080006ee       0x24 build/KeyboardHID.o
 *fill*         0x0000000008000712        0x2 
 .text.USB0_0_IRQHandler
                0x0000000008000714       0x14 build/KeyboardHID.o
                0x0000000008000714                USB0_0_IRQHandler
 .text.USB_Init
                0x0000000008000728       0x44 build/KeyboardHID.o
                0x0000000008000728                USB_Init
 .text.EVENT_USB_Device_
                0x000000000800076c        0xe build/KeyboardHID.o
                0x000000000800076c                EVENT_USB_Device_
 .text.EVENT_USB_Device_Connect
                0x000000000800077a        0xe build/KeyboardHID.o
                0x000000000800077a                EVENT_USB_Device_Connect
 .text.EVENT_USB_Device_Reset
                0x0000000008000788       0x30 build/KeyboardHID.o
                0x0000000008000788                EVENT_USB_Device_Reset
 .text.EVENT_USB_Device_ConfigurationChanged
                0x00000000080007b8       0x50 build/KeyboardHID.o
                0x00000000080007b8                EVENT_USB_Device_ConfigurationChanged
 .text.EVENT_USB_Device_ControlRequest
                0x0000000008000808       0x14 build/KeyboardHID.o
                0x0000000008000808                EVENT_USB_Device_ControlRequest
 .text.find_max_at_index
                0x000000000800081c       0x64 build/KeyboardHID.o
                0x000000000800081c                find_max_at_index
 .text.find_minimum
                0x0000000008000880       0x5c build/KeyboardHID.o
                0x0000000008000880                find_minimum
 .text.CALLBACK_HID_Device_CreateHIDReport
                0x00000000080008dc      0x384 build/KeyboardHID.o
                0x00000000080008dc                CALLBACK_HID_Device_CreateHIDReport
 .text.CALLBACK_HID_Device_ProcessHIDReport
                0x0000000008000c60      0x1d4 build/KeyboardHID.o
                0x0000000008000c60                CALLBACK_HID_Device_ProcessHIDReport
 .text.CALLBACK_HIDParser_FilterHIDReportItem
                0x0000000008000e34       0x16 build/KeyboardHID.o
                0x0000000008000e34                CALLBACK_HIDParser_FilterHIDReportItem
 .text          0x0000000008000e4a        0x0 build/authenticator_crack.o
 .text          0x0000000008000e4a        0x0 build/timing.o
 *fill*         0x0000000008000e4a        0x2 
 .text.SysTick_Handler
                0x0000000008000e4c       0x1c build/timing.o
                0x0000000008000e4c                SysTick_Handler
 .text.SystemCoreClockSetup
                0x0000000008000e68       0x34 build/timing.o
                0x0000000008000e68                SystemCoreClockSetup
 .text.get_system_time
                0x0000000008000e9c       0x18 build/timing.o
                0x0000000008000e9c                get_system_time
 .text          0x0000000008000eb4        0x0 lib_build/xmc4_scu.o
 .text.XMC_SCU_CLOCK_GetUsbClockSource
                0x0000000008000eb4       0x1c lib_build/xmc4_scu.o
 .text.XMC_SCU_CLOCK_GetWdtClockSource
                0x0000000008000ed0       0x1c lib_build/xmc4_scu.o
 .text.XMC_SCU_CLOCK_GetExternalOutputClockSource
                0x0000000008000eec       0x20 lib_build/xmc4_scu.o
 .text.XMC_SCU_CLOCK_GetSystemClockFrequency
                0x0000000008000f0c       0x28 lib_build/xmc4_scu.o
 .text.XMC_SCU_CLOCK_GetCpuClockFrequency
                0x0000000008000f34       0x18 lib_build/xmc4_scu.o
 .text.XMC_SCU_GetMirrorStatus
                0x0000000008000f4c       0x18 lib_build/xmc4_scu.o
 .text.XMC_SCU_lDelay
                0x0000000008000f64       0x48 lib_build/xmc4_scu.o
 .text.XMC_SCU_INTERRUPT_EnableEvent
                0x0000000008000fac       0x24 lib_build/xmc4_scu.o
                0x0000000008000fac                XMC_SCU_INTERRUPT_EnableEvent
 .text.XMC_SCU_INTERRUPT_DisableEvent
                0x0000000008000fd0       0x28 lib_build/xmc4_scu.o
                0x0000000008000fd0                XMC_SCU_INTERRUPT_DisableEvent
 .text.XMC_SCU_INTERRUPT_TriggerEvent
                0x0000000008000ff8       0x24 lib_build/xmc4_scu.o
                0x0000000008000ff8                XMC_SCU_INTERRUPT_TriggerEvent
 .text.XMC_SCU_INTERUPT_GetEventStatus
                0x000000000800101c       0x18 lib_build/xmc4_scu.o
                0x000000000800101c                XMC_SCU_INTERUPT_GetEventStatus
 .text.XMC_SCU_INTERRUPT_ClearEventStatus
                0x0000000008001034       0x20 lib_build/xmc4_scu.o
                0x0000000008001034                XMC_SCU_INTERRUPT_ClearEventStatus
 .text.XMC_SCU_GetBootMode
                0x0000000008001054       0x1c lib_build/xmc4_scu.o
                0x0000000008001054                XMC_SCU_GetBootMode
 .text.XMC_SCU_SetBootMode
                0x0000000008001070       0x20 lib_build/xmc4_scu.o
                0x0000000008001070                XMC_SCU_SetBootMode
 .text.XMC_SCU_ReadGPR
                0x0000000008001090       0x24 lib_build/xmc4_scu.o
                0x0000000008001090                XMC_SCU_ReadGPR
 .text.XMC_SCU_WriteGPR
                0x00000000080010b4       0x28 lib_build/xmc4_scu.o
                0x00000000080010b4                XMC_SCU_WriteGPR
 .text.XMC_SCU_EnableOutOfRangeComparator
                0x00000000080010dc       0x38 lib_build/xmc4_scu.o
                0x00000000080010dc                XMC_SCU_EnableOutOfRangeComparator
 .text.XMC_SCU_DisableOutOfRangeComparator
                0x0000000008001114       0x3c lib_build/xmc4_scu.o
                0x0000000008001114                XMC_SCU_DisableOutOfRangeComparator
 .text.XMC_SCU_CalibrateTemperatureSensor
                0x0000000008001150       0x30 lib_build/xmc4_scu.o
                0x0000000008001150                XMC_SCU_CalibrateTemperatureSensor
 .text.XMC_SCU_EnableTemperatureSensor
                0x0000000008001180       0x24 lib_build/xmc4_scu.o
                0x0000000008001180                XMC_SCU_EnableTemperatureSensor
 .text.XMC_SCU_DisableTemperatureSensor
                0x00000000080011a4       0x24 lib_build/xmc4_scu.o
                0x00000000080011a4                XMC_SCU_DisableTemperatureSensor
 .text.XMC_SCU_IsTemperatureSensorEnabled
                0x00000000080011c8       0x28 lib_build/xmc4_scu.o
                0x00000000080011c8                XMC_SCU_IsTemperatureSensorEnabled
 .text.XMC_SCU_IsTemperatureSensorReady
                0x00000000080011f0       0x28 lib_build/xmc4_scu.o
                0x00000000080011f0                XMC_SCU_IsTemperatureSensorReady
 .text.XMC_SCU_StartTemperatureMeasurement
                0x0000000008001218       0x4c lib_build/xmc4_scu.o
                0x0000000008001218                XMC_SCU_StartTemperatureMeasurement
 .text.XMC_SCU_GetTemperatureMeasurement
                0x0000000008001264       0x38 lib_build/xmc4_scu.o
                0x0000000008001264                XMC_SCU_GetTemperatureMeasurement
 .text.XMC_SCU_IsTemperatureSensorBusy
                0x000000000800129c       0x28 lib_build/xmc4_scu.o
                0x000000000800129c                XMC_SCU_IsTemperatureSensorBusy
 .text.XMC_SCU_WriteToRetentionMemory
                0x00000000080012c4       0x4c lib_build/xmc4_scu.o
                0x00000000080012c4                XMC_SCU_WriteToRetentionMemory
 .text.XMC_SCU_ReadFromRetentionMemory
                0x0000000008001310       0x48 lib_build/xmc4_scu.o
                0x0000000008001310                XMC_SCU_ReadFromRetentionMemory
 .text.XMC_SCU_CLOCK_Init
                0x0000000008001358       0xe6 lib_build/xmc4_scu.o
                0x0000000008001358                XMC_SCU_CLOCK_Init
 *fill*         0x000000000800143e        0x2 
 .text.XMC_SCU_TRAP_Enable
                0x0000000008001440       0x28 lib_build/xmc4_scu.o
                0x0000000008001440                XMC_SCU_TRAP_Enable
 .text.XMC_SCU_TRAP_Disable
                0x0000000008001468       0x24 lib_build/xmc4_scu.o
                0x0000000008001468                XMC_SCU_TRAP_Disable
 .text.XMC_SCU_TRAP_GetStatus
                0x000000000800148c       0x18 lib_build/xmc4_scu.o
                0x000000000800148c                XMC_SCU_TRAP_GetStatus
 .text.XMC_SCU_TRAP_Trigger
                0x00000000080014a4       0x20 lib_build/xmc4_scu.o
                0x00000000080014a4                XMC_SCU_TRAP_Trigger
 .text.XMC_SCU_TRAP_ClearStatus
                0x00000000080014c4       0x20 lib_build/xmc4_scu.o
                0x00000000080014c4                XMC_SCU_TRAP_ClearStatus
 .text.XMC_SCU_PARITY_ClearStatus
                0x00000000080014e4       0x24 lib_build/xmc4_scu.o
                0x00000000080014e4                XMC_SCU_PARITY_ClearStatus
 .text.XMC_SCU_PARITY_GetStatus
                0x0000000008001508       0x18 lib_build/xmc4_scu.o
                0x0000000008001508                XMC_SCU_PARITY_GetStatus
 .text.XMC_SCU_PARITY_Enable
                0x0000000008001520       0x24 lib_build/xmc4_scu.o
                0x0000000008001520                XMC_SCU_PARITY_Enable
 .text.XMC_SCU_PARITY_Disable
                0x0000000008001544       0x28 lib_build/xmc4_scu.o
                0x0000000008001544                XMC_SCU_PARITY_Disable
 .text.XMC_SCU_PARITY_EnableTrapGeneration
                0x000000000800156c       0x24 lib_build/xmc4_scu.o
                0x000000000800156c                XMC_SCU_PARITY_EnableTrapGeneration
 .text.XMC_SCU_PARITY_DisableTrapGeneration
                0x0000000008001590       0x28 lib_build/xmc4_scu.o
                0x0000000008001590                XMC_SCU_PARITY_DisableTrapGeneration
 .text.XMC_SCU_INTERRUPT_EnableNmiRequest
                0x00000000080015b8       0x24 lib_build/xmc4_scu.o
                0x00000000080015b8                XMC_SCU_INTERRUPT_EnableNmiRequest
 .text.XMC_SCU_INTERRUPT_DisableNmiRequest
                0x00000000080015dc       0x28 lib_build/xmc4_scu.o
                0x00000000080015dc                XMC_SCU_INTERRUPT_DisableNmiRequest
 .text.XMC_SCU_RESET_AssertPeripheralReset
                0x0000000008001604       0x3c lib_build/xmc4_scu.o
                0x0000000008001604                XMC_SCU_RESET_AssertPeripheralReset
 .text.XMC_SCU_RESET_DeassertPeripheralReset
                0x0000000008001640       0x3c lib_build/xmc4_scu.o
                0x0000000008001640                XMC_SCU_RESET_DeassertPeripheralReset
 .text.XMC_SCU_RESET_IsPeripheralResetAsserted
                0x000000000800167c       0x48 lib_build/xmc4_scu.o
                0x000000000800167c                XMC_SCU_RESET_IsPeripheralResetAsserted
 .text.XMC_SCU_CLOCK_GetSystemPllClockFrequency
                0x00000000080016c4       0x7c lib_build/xmc4_scu.o
                0x00000000080016c4                XMC_SCU_CLOCK_GetSystemPllClockFrequency
 .text.XMC_SCU_CLOCK_GetSystemPllClockSourceFrequency
                0x0000000008001740       0x30 lib_build/xmc4_scu.o
                0x0000000008001740                XMC_SCU_CLOCK_GetSystemPllClockSourceFrequency
 .text.XMC_SCU_CLOCK_GetUsbPllClockFrequency
                0x0000000008001770       0x54 lib_build/xmc4_scu.o
                0x0000000008001770                XMC_SCU_CLOCK_GetUsbPllClockFrequency
 .text.XMC_SCU_CLOCK_GetCcuClockFrequency
                0x00000000080017c4       0x2c lib_build/xmc4_scu.o
                0x00000000080017c4                XMC_SCU_CLOCK_GetCcuClockFrequency
 .text.XMC_SCU_CLOCK_GetUsbClockFrequency
                0x00000000080017f0       0x48 lib_build/xmc4_scu.o
                0x00000000080017f0                XMC_SCU_CLOCK_GetUsbClockFrequency
 .text.XMC_SCU_CLOCK_GetEbuClockFrequency
                0x0000000008001838       0x28 lib_build/xmc4_scu.o
                0x0000000008001838                XMC_SCU_CLOCK_GetEbuClockFrequency
 .text.XMC_SCU_CLOCK_GetWdtClockFrequency
                0x0000000008001860       0x58 lib_build/xmc4_scu.o
                0x0000000008001860                XMC_SCU_CLOCK_GetWdtClockFrequency
 .text.XMC_SCU_CLOCK_GetExternalOutputClockFrequency
                0x00000000080018b8       0x70 lib_build/xmc4_scu.o
                0x00000000080018b8                XMC_SCU_CLOCK_GetExternalOutputClockFrequency
 .text.XMC_SCU_CLOCK_GetPeripheralClockFrequency
                0x0000000008001928       0x20 lib_build/xmc4_scu.o
                0x0000000008001928                XMC_SCU_CLOCK_GetPeripheralClockFrequency
 .text.XMC_SCU_CLOCK_SetSystemClockSource
                0x0000000008001948       0x28 lib_build/xmc4_scu.o
                0x0000000008001948                XMC_SCU_CLOCK_SetSystemClockSource
 .text.XMC_SCU_CLOCK_SetUsbClockSource
                0x0000000008001970       0x28 lib_build/xmc4_scu.o
                0x0000000008001970                XMC_SCU_CLOCK_SetUsbClockSource
 .text.XMC_SCU_CLOCK_SetWdtClockSource
                0x0000000008001998       0x28 lib_build/xmc4_scu.o
                0x0000000008001998                XMC_SCU_CLOCK_SetWdtClockSource
 .text.XMC_SCU_CLOCK_SetExternalOutputClockSource
                0x00000000080019c0       0x2c lib_build/xmc4_scu.o
                0x00000000080019c0                XMC_SCU_CLOCK_SetExternalOutputClockSource
 .text.XMC_SCU_CLOCK_SetSystemPllClockSource
                0x00000000080019ec       0x44 lib_build/xmc4_scu.o
                0x00000000080019ec                XMC_SCU_CLOCK_SetSystemPllClockSource
 .text.XMC_SCU_HIB_SetRtcClockSource
                0x0000000008001a30       0x40 lib_build/xmc4_scu.o
                0x0000000008001a30                XMC_SCU_HIB_SetRtcClockSource
 .text.XMC_SCU_HIB_SetStandbyClockSource
                0x0000000008001a70       0x40 lib_build/xmc4_scu.o
                0x0000000008001a70                XMC_SCU_HIB_SetStandbyClockSource
 .text.XMC_SCU_CLOCK_SetSystemClockDivider
                0x0000000008001ab0       0x2c lib_build/xmc4_scu.o
                0x0000000008001ab0                XMC_SCU_CLOCK_SetSystemClockDivider
 .text.XMC_SCU_CLOCK_SetCcuClockDivider
                0x0000000008001adc       0x2c lib_build/xmc4_scu.o
                0x0000000008001adc                XMC_SCU_CLOCK_SetCcuClockDivider
 .text.XMC_SCU_CLOCK_SetCpuClockDivider
                0x0000000008001b08       0x2c lib_build/xmc4_scu.o
                0x0000000008001b08                XMC_SCU_CLOCK_SetCpuClockDivider
 .text.XMC_SCU_CLOCK_SetPeripheralClockDivider
                0x0000000008001b34       0x2c lib_build/xmc4_scu.o
                0x0000000008001b34                XMC_SCU_CLOCK_SetPeripheralClockDivider
 .text.XMC_SCU_CLOCK_SetUsbClockDivider
                0x0000000008001b60       0x2c lib_build/xmc4_scu.o
                0x0000000008001b60                XMC_SCU_CLOCK_SetUsbClockDivider
 .text.XMC_SCU_CLOCK_SetEbuClockDivider
                0x0000000008001b8c       0x2c lib_build/xmc4_scu.o
                0x0000000008001b8c                XMC_SCU_CLOCK_SetEbuClockDivider
 .text.XMC_SCU_CLOCK_SetWdtClockDivider
                0x0000000008001bb8       0x2c lib_build/xmc4_scu.o
                0x0000000008001bb8                XMC_SCU_CLOCK_SetWdtClockDivider
 .text.XMC_SCU_CLOCK_SetExternalOutputClockDivider
                0x0000000008001be4       0x30 lib_build/xmc4_scu.o
                0x0000000008001be4                XMC_SCU_CLOCK_SetExternalOutputClockDivider
 .text.XMC_SCU_CLOCK_EnableClock
                0x0000000008001c14       0x20 lib_build/xmc4_scu.o
                0x0000000008001c14                XMC_SCU_CLOCK_EnableClock
 .text.XMC_SCU_CLOCK_DisableClock
                0x0000000008001c34       0x20 lib_build/xmc4_scu.o
                0x0000000008001c34                XMC_SCU_CLOCK_DisableClock
 .text.XMC_SCU_CLOCK_IsClockEnabled
                0x0000000008001c54       0x2c lib_build/xmc4_scu.o
                0x0000000008001c54                XMC_SCU_CLOCK_IsClockEnabled
 .text.XMC_SCU_POWER_GetEVR13Voltage
                0x0000000008001c80       0x30 lib_build/xmc4_scu.o
                0x0000000008001c80                XMC_SCU_POWER_GetEVR13Voltage
 .text.XMC_SCU_POWER_GetEVR33Voltage
                0x0000000008001cb0       0x34 lib_build/xmc4_scu.o
                0x0000000008001cb0                XMC_SCU_POWER_GetEVR33Voltage
 .text.XMC_SCU_CLOCK_EnableUsbPll
                0x0000000008001ce4       0x24 lib_build/xmc4_scu.o
                0x0000000008001ce4                XMC_SCU_CLOCK_EnableUsbPll
 .text.XMC_SCU_CLOCK_DisableUsbPll
                0x0000000008001d08       0x24 lib_build/xmc4_scu.o
                0x0000000008001d08                XMC_SCU_CLOCK_DisableUsbPll
 .text.XMC_SCU_CLOCK_StartUsbPll
                0x0000000008001d2c       0x78 lib_build/xmc4_scu.o
                0x0000000008001d2c                XMC_SCU_CLOCK_StartUsbPll
 .text.XMC_SCU_CLOCK_StopUsbPll
                0x0000000008001da4       0x1c lib_build/xmc4_scu.o
                0x0000000008001da4                XMC_SCU_CLOCK_StopUsbPll
 .text.XMC_SCU_CLOCK_SetBackupClockCalibrationMode
                0x0000000008001dc0       0x4c lib_build/xmc4_scu.o
                0x0000000008001dc0                XMC_SCU_CLOCK_SetBackupClockCalibrationMode
 .text.XMC_SCU_POWER_EnableUsb
                0x0000000008001e0c       0x1c lib_build/xmc4_scu.o
                0x0000000008001e0c                XMC_SCU_POWER_EnableUsb
 .text.XMC_SCU_POWER_DisableUsb
                0x0000000008001e28       0x1c lib_build/xmc4_scu.o
                0x0000000008001e28                XMC_SCU_POWER_DisableUsb
 .text.XMC_SCU_CLOCK_IsUsbPllLocked
                0x0000000008001e44       0x24 lib_build/xmc4_scu.o
                0x0000000008001e44                XMC_SCU_CLOCK_IsUsbPllLocked
 .text.XMC_SCU_HIB_EnableHibernateDomain
                0x0000000008001e68       0x58 lib_build/xmc4_scu.o
                0x0000000008001e68                XMC_SCU_HIB_EnableHibernateDomain
 .text.XMC_SCU_HIB_DisableHibernateDomain
                0x0000000008001ec0       0x24 lib_build/xmc4_scu.o
                0x0000000008001ec0                XMC_SCU_HIB_DisableHibernateDomain
 .text.XMC_SCU_HIB_IsHibernateDomainEnabled
                0x0000000008001ee4       0x3c lib_build/xmc4_scu.o
                0x0000000008001ee4                XMC_SCU_HIB_IsHibernateDomainEnabled
 .text.XMC_SCU_HIB_EnableInternalSlowClock
                0x0000000008001f20       0x34 lib_build/xmc4_scu.o
                0x0000000008001f20                XMC_SCU_HIB_EnableInternalSlowClock
 .text.XMC_SCU_HIB_DisableInternalSlowClock
                0x0000000008001f54       0x34 lib_build/xmc4_scu.o
                0x0000000008001f54                XMC_SCU_HIB_DisableInternalSlowClock
 .text.XMC_SCU_HIB_ClearEventStatus
                0x0000000008001f88       0x34 lib_build/xmc4_scu.o
                0x0000000008001f88                XMC_SCU_HIB_ClearEventStatus
 .text.XMC_SCU_HIB_TriggerEvent
                0x0000000008001fbc       0x34 lib_build/xmc4_scu.o
                0x0000000008001fbc                XMC_SCU_HIB_TriggerEvent
 .text.XMC_SCU_HIB_EnableEvent
                0x0000000008001ff0       0x38 lib_build/xmc4_scu.o
                0x0000000008001ff0                XMC_SCU_HIB_EnableEvent
 .text.XMC_SCU_HIB_DisableEvent
                0x0000000008002028       0x3c lib_build/xmc4_scu.o
                0x0000000008002028                XMC_SCU_HIB_DisableEvent
 .text.XMC_SCU_HIB_EnterHibernateState
                0x0000000008002064       0x34 lib_build/xmc4_scu.o
                0x0000000008002064                XMC_SCU_HIB_EnterHibernateState
 .text.XMC_SCU_HIB_EnterHibernateStateEx
                0x0000000008002098       0x1c lib_build/xmc4_scu.o
                0x0000000008002098                XMC_SCU_HIB_EnterHibernateStateEx
 .text.XMC_SCU_HIB_SetWakeupTriggerInput
                0x00000000080020b4       0x50 lib_build/xmc4_scu.o
                0x00000000080020b4                XMC_SCU_HIB_SetWakeupTriggerInput
 .text.XMC_SCU_HIB_SetPinMode
                0x0000000008002104       0x54 lib_build/xmc4_scu.o
                0x0000000008002104                XMC_SCU_HIB_SetPinMode
 .text.XMC_SCU_HIB_SetPinOutputLevel
                0x0000000008002158       0x58 lib_build/xmc4_scu.o
                0x0000000008002158                XMC_SCU_HIB_SetPinOutputLevel
 .text.XMC_SCU_HIB_SetInput0
                0x00000000080021b0       0x50 lib_build/xmc4_scu.o
                0x00000000080021b0                XMC_SCU_HIB_SetInput0
 .text.XMC_SCU_HIB_SetSR0Input
                0x0000000008002200       0x40 lib_build/xmc4_scu.o
                0x0000000008002200                XMC_SCU_HIB_SetSR0Input
 .text.XMC_SCU_CLOCK_IsLowPowerOscillatorStable
                0x0000000008002240       0x24 lib_build/xmc4_scu.o
                0x0000000008002240                XMC_SCU_CLOCK_IsLowPowerOscillatorStable
 .text.XMC_SCU_CLOCK_EnableLowPowerOscillator
                0x0000000008002264       0x6c lib_build/xmc4_scu.o
                0x0000000008002264                XMC_SCU_CLOCK_EnableLowPowerOscillator
 .text.XMC_SCU_CLOCK_DisableLowPowerOscillator
                0x00000000080022d0       0x34 lib_build/xmc4_scu.o
                0x00000000080022d0                XMC_SCU_CLOCK_DisableLowPowerOscillator
 .text.XMC_SCU_CLOCK_EnableLowPowerOscillatorGeneralPurposeInput
                0x0000000008002304       0x34 lib_build/xmc4_scu.o
                0x0000000008002304                XMC_SCU_CLOCK_EnableLowPowerOscillatorGeneralPurposeInput
 .text.XMC_SCU_CLOCK_DisableLowPowerOscillatorGeneralPurposeInput
                0x0000000008002338       0x38 lib_build/xmc4_scu.o
                0x0000000008002338                XMC_SCU_CLOCK_DisableLowPowerOscillatorGeneralPurposeInput
 .text.XMC_SCU_CLOCK_GetLowPowerOscillatorGeneralPurposeInputStatus
                0x0000000008002370       0x1c lib_build/xmc4_scu.o
                0x0000000008002370                XMC_SCU_CLOCK_GetLowPowerOscillatorGeneralPurposeInputStatus
 .text.XMC_SCU_CLOCK_EnableHighPerformanceOscillator
                0x000000000800238c       0x50 lib_build/xmc4_scu.o
                0x000000000800238c                XMC_SCU_CLOCK_EnableHighPerformanceOscillator
 .text.XMC_SCU_CLOCK_IsHighPerformanceOscillatorStable
                0x00000000080023dc       0x28 lib_build/xmc4_scu.o
                0x00000000080023dc                XMC_SCU_CLOCK_IsHighPerformanceOscillatorStable
 .text.XMC_SCU_CLOCK_DisableHighPerformanceOscillator
                0x0000000008002404       0x20 lib_build/xmc4_scu.o
                0x0000000008002404                XMC_SCU_CLOCK_DisableHighPerformanceOscillator
 .text.XMC_SCU_CLOCK_EnableHighPerformanceOscillatorGeneralPurposeInput
                0x0000000008002424       0x20 lib_build/xmc4_scu.o
                0x0000000008002424                XMC_SCU_CLOCK_EnableHighPerformanceOscillatorGeneralPurposeInput
 .text.XMC_SCU_CLOCK_DisableHighPerformanceOscillatorGeneralPurposeInput
                0x0000000008002444       0x20 lib_build/xmc4_scu.o
                0x0000000008002444                XMC_SCU_CLOCK_DisableHighPerformanceOscillatorGeneralPurposeInput
 .text.XMC_SCU_CLOCK_GetHighPerformanceOscillatorGeneralPurposeInputStatus
                0x0000000008002464       0x1c lib_build/xmc4_scu.o
                0x0000000008002464                XMC_SCU_CLOCK_GetHighPerformanceOscillatorGeneralPurposeInputStatus
 .text.XMC_SCU_CLOCK_EnableSystemPll
                0x0000000008002480       0x24 lib_build/xmc4_scu.o
                0x0000000008002480                XMC_SCU_CLOCK_EnableSystemPll
 .text.XMC_SCU_CLOCK_DisableSystemPll
                0x00000000080024a4       0x24 lib_build/xmc4_scu.o
                0x00000000080024a4                XMC_SCU_CLOCK_DisableSystemPll
 .text.XMC_SCU_CLOCK_StartSystemPll
                0x00000000080024c8      0x178 lib_build/xmc4_scu.o
                0x00000000080024c8                XMC_SCU_CLOCK_StartSystemPll
 .text.XMC_SCU_CLOCK_StopSystemPll
                0x0000000008002640       0x20 lib_build/xmc4_scu.o
                0x0000000008002640                XMC_SCU_CLOCK_StopSystemPll
 .text.XMC_SCU_CLOCK_StepSystemPllFrequency
                0x0000000008002660       0x30 lib_build/xmc4_scu.o
                0x0000000008002660                XMC_SCU_CLOCK_StepSystemPllFrequency
 .text.XMC_SCU_CLOCK_IsSystemPllLocked
                0x0000000008002690       0x24 lib_build/xmc4_scu.o
                0x0000000008002690                XMC_SCU_CLOCK_IsSystemPllLocked
 .text.XMC_SCU_INTERRUPT_SetEventHandler
                0x00000000080026b4       0x58 lib_build/xmc4_scu.o
                0x00000000080026b4                XMC_SCU_INTERRUPT_SetEventHandler
 .text.XMC_SCU_IRQHandler
                0x000000000800270c       0x60 lib_build/xmc4_scu.o
                0x000000000800270c                XMC_SCU_IRQHandler
 .text          0x000000000800276c        0x0 lib_build/xmc_gpio.o
 .text.XMC_GPIO_SetMode
                0x000000000800276c       0x82 lib_build/xmc_gpio.o
                0x000000000800276c                XMC_GPIO_SetMode
 .text.XMC_GPIO_SetHardwareControl
                0x00000000080027ee       0x46 lib_build/xmc_gpio.o
                0x00000000080027ee                XMC_GPIO_SetHardwareControl
 .text          0x0000000008002834        0x0 lib_build/HIDClassDevice.o
 .text.HID_Device_ProcessControlRequest
                0x0000000008002834      0x3c0 lib_build/HIDClassDevice.o
                0x0000000008002834                HID_Device_ProcessControlRequest
 .text.HID_Device_ConfigureEndpoints
                0x0000000008002bf4       0x50 lib_build/HIDClassDevice.o
                0x0000000008002bf4                HID_Device_ConfigureEndpoints
 .text.HID_Device_USBTask
                0x0000000008002c44      0x1b0 lib_build/HIDClassDevice.o
                0x0000000008002c44                HID_Device_USBTask
 .text          0x0000000008002df4        0x0 lib_build/memcpy.o
 .text.thumb2_memcpy
                0x0000000008002df4       0x3e lib_build/memcpy.o
                0x0000000008002df4                thumb2_memcpy
 .text          0x0000000008002e32        0x0 lib_build/Endpoint_XMC4000.o
 *fill*         0x0000000008002e32        0x2 
 .text.__NVIC_EnableIRQ
                0x0000000008002e34       0x3c lib_build/Endpoint_XMC4000.o
 .text.__NVIC_DisableIRQ
                0x0000000008002e70       0x44 lib_build/Endpoint_XMC4000.o
 .text.Endpoint_WaitUntilReady
                0x0000000008002eb4      0x124 lib_build/Endpoint_XMC4000.o
                0x0000000008002eb4                Endpoint_WaitUntilReady
 .text.Endpoint_ClearOUT
                0x0000000008002fd8       0x98 lib_build/Endpoint_XMC4000.o
                0x0000000008002fd8                Endpoint_ClearOUT
 .text.Endpoint_ClearIN
                0x0000000008003070       0xf0 lib_build/Endpoint_XMC4000.o
                0x0000000008003070                Endpoint_ClearIN
 .text.Endpoint_IsReadWriteAllowed
                0x0000000008003160       0x64 lib_build/Endpoint_XMC4000.o
                0x0000000008003160                Endpoint_IsReadWriteAllowed
 .text.Endpoint_Write_8
                0x00000000080031c4       0x68 lib_build/Endpoint_XMC4000.o
                0x00000000080031c4                Endpoint_Write_8
 .text.Endpoint_Read_8
                0x000000000800322c       0x70 lib_build/Endpoint_XMC4000.o
                0x000000000800322c                Endpoint_Read_8
 .text.Endpoint_Write_32_LE
                0x000000000800329c       0x68 lib_build/Endpoint_XMC4000.o
                0x000000000800329c                Endpoint_Write_32_LE
 .text.Endpoint_Read_32_LE
                0x0000000008003304       0x70 lib_build/Endpoint_XMC4000.o
                0x0000000008003304                Endpoint_Read_32_LE
 .text.Endpoint_ConfigureEndpointTable
                0x0000000008003374      0x150 lib_build/Endpoint_XMC4000.o
                0x0000000008003374                Endpoint_ConfigureEndpointTable
 .text          0x00000000080034c4        0x0 lib_build/EndpointStream_XMC4000.o
 .text.Endpoint_Write_Stream_LE
                0x00000000080034c4      0x114 lib_build/EndpointStream_XMC4000.o
                0x00000000080034c4                Endpoint_Write_Stream_LE
 .text.SwapCopy
                0x00000000080035d8       0x44 lib_build/EndpointStream_XMC4000.o
                0x00000000080035d8                SwapCopy
 .text.Endpoint_Write_Stream_BE
                0x000000000800361c       0xe8 lib_build/EndpointStream_XMC4000.o
                0x000000000800361c                Endpoint_Write_Stream_BE
 .text.Endpoint_Read_Stream_LE
                0x0000000008003704       0xf0 lib_build/EndpointStream_XMC4000.o
                0x0000000008003704                Endpoint_Read_Stream_LE
 .text.Endpoint_Read_Stream_BE
                0x00000000080037f4       0xf0 lib_build/EndpointStream_XMC4000.o
                0x00000000080037f4                Endpoint_Read_Stream_BE
 .text.Endpoint_Write_Control_Stream_LE
                0x00000000080038e4       0x70 lib_build/EndpointStream_XMC4000.o
                0x00000000080038e4                Endpoint_Write_Control_Stream_LE
 .text.Endpoint_Write_Control_Stream_BE
                0x0000000008003954       0x20 lib_build/EndpointStream_XMC4000.o
                0x0000000008003954                Endpoint_Write_Control_Stream_BE
 .text.Endpoint_Read_Control_Stream_LE
                0x0000000008003974       0x68 lib_build/EndpointStream_XMC4000.o
                0x0000000008003974                Endpoint_Read_Control_Stream_LE
 .text.Endpoint_Read_Control_Stream_BE
                0x00000000080039dc       0x20 lib_build/EndpointStream_XMC4000.o
                0x00000000080039dc                Endpoint_Read_Control_Stream_BE
 .text.Endpoint_Null_Stream
                0x00000000080039fc       0xdc lib_build/EndpointStream_XMC4000.o
                0x00000000080039fc                Endpoint_Null_Stream
 .text          0x0000000008003ad8        0x0 lib_build/USBController_XMC4000.o
 .text.USBD_HandleEP0_Stall
                0x0000000008003ad8       0x2c lib_build/USBController_XMC4000.o
                0x0000000008003ad8                USBD_HandleEP0_Stall
 .text.USB_Device_ProcessControlRequest
                0x0000000008003b04      0x43c lib_build/USBController_XMC4000.o
                0x0000000008003b04                USB_Device_ProcessControlRequest
 .text.USBD_HandleEP0_IN
                0x0000000008003f40       0x4c lib_build/USBController_XMC4000.o
                0x0000000008003f40                USBD_HandleEP0_IN
 .text.USBD_HandleEP0_OUT
                0x0000000008003f8c       0x54 lib_build/USBController_XMC4000.o
                0x0000000008003f8c                USBD_HandleEP0_OUT
 .text.USBD_HandleEP0_SETUP
                0x0000000008003fe0       0x94 lib_build/USBController_XMC4000.o
                0x0000000008003fe0                USBD_HandleEP0_SETUP
 .text.USBD_SignalDeviceEventHandler
                0x0000000008004074      0x228 lib_build/USBController_XMC4000.o
                0x0000000008004074                USBD_SignalDeviceEventHandler
 .text.USBD_SignalEndpointEvent_Handler
                0x000000000800429c      0x19c lib_build/USBController_XMC4000.o
                0x000000000800429c                USBD_SignalEndpointEvent_Handler
 .text.USBD_Initialize
                0x0000000008004438       0xcc lib_build/USBController_XMC4000.o
                0x0000000008004438                USBD_Initialize
 .text.USB_IsEnumDone
                0x0000000008004504       0x20 lib_build/USBController_XMC4000.o
                0x0000000008004504                USB_IsEnumDone
 .text.USBD_SetEndpointBuffer
                0x0000000008004524       0x7c lib_build/USBController_XMC4000.o
                0x0000000008004524                USBD_SetEndpointBuffer
 .text          0x00000000080045a0        0x0 lib_build/xmc_usbd.o
 .text.XMC_USBD_lDeviceActive
                0x00000000080045a0       0x68 lib_build/xmc_usbd.o
                0x00000000080045a0                XMC_USBD_lDeviceActive
 .text.XMC_USBD_lReadFifo
                0x0000000008004608       0xe8 lib_build/xmc_usbd.o
 .text.XMC_USBD_lWriteFifo
                0x00000000080046f0       0xa4 lib_build/xmc_usbd.o
 .text.XMC_USBD_lFlushTXFifo
                0x0000000008004794       0x7c lib_build/xmc_usbd.o
 .text.XMC_USBD_lFlushRXFifo
                0x0000000008004810       0x68 lib_build/xmc_usbd.o
 .text.XMC_USBD_lAssignTXFifo
                0x0000000008004878       0x70 lib_build/xmc_usbd.o
 .text.XMC_USBD_lUnassignFifo
                0x00000000080048e8       0x38 lib_build/xmc_usbd.o
 .text.XMC_USBD_lStartReadXfer
                0x0000000008004920      0x178 lib_build/xmc_usbd.o
 .text.XMC_USBD_lStartWriteXfer
                0x0000000008004a98      0x198 lib_build/xmc_usbd.o
 .text.XMC_USBD_lHandleUSBReset
                0x0000000008004c30      0x150 lib_build/xmc_usbd.o
 .text.XMC_USBD_lHandleOTGInt
                0x0000000008004d80       0x48 lib_build/xmc_usbd.o
 .text.XMC_USBD_lHandleEnumDone
                0x0000000008004dc8       0x78 lib_build/xmc_usbd.o
 .text.XMC_USBD_lHandleOEPInt
                0x0000000008004e40      0x1bc lib_build/xmc_usbd.o
 .text.XMC_USBD_lHandleIEPInt
                0x0000000008004ffc      0x1bc lib_build/xmc_usbd.o
 .text.XMC_USBD_lHandleRxFLvl
                0x00000000080051b8       0x84 lib_build/xmc_usbd.o
 .text.XMC_USBD_IRQHandler
                0x000000000800523c      0x150 lib_build/xmc_usbd.o
                0x000000000800523c                XMC_USBD_IRQHandler
 .text.XMC_USBD_Enable
                0x000000000800538c       0x18 lib_build/xmc_usbd.o
                0x000000000800538c                XMC_USBD_Enable
 .text.XMC_USBD_Disable
                0x00000000080053a4       0x18 lib_build/xmc_usbd.o
                0x00000000080053a4                XMC_USBD_Disable
 .text.XMC_USBD_ClearEvent
                0x00000000080053bc       0xcc lib_build/xmc_usbd.o
                0x00000000080053bc                XMC_USBD_ClearEvent
 .text.XMC_USBD_lClearEventOTG
                0x0000000008005488       0x2c lib_build/xmc_usbd.o
 .text.XMC_USBD_ClearEventINEP
                0x00000000080054b4       0x30 lib_build/xmc_usbd.o
                0x00000000080054b4                XMC_USBD_ClearEventINEP
 .text.XMC_USBD_ClearEventOUTEP
                0x00000000080054e4       0x30 lib_build/xmc_usbd.o
                0x00000000080054e4                XMC_USBD_ClearEventOUTEP
 .text.XMC_USBD_EnableEventOUTEP
                0x0000000008005514       0x30 lib_build/xmc_usbd.o
                0x0000000008005514                XMC_USBD_EnableEventOUTEP
 .text.XMC_USBD_EnableEventINEP
                0x0000000008005544       0x30 lib_build/xmc_usbd.o
                0x0000000008005544                XMC_USBD_EnableEventINEP
 .text.XMC_USBD_GetCapabilities
                0x0000000008005574       0x68 lib_build/xmc_usbd.o
                0x0000000008005574                XMC_USBD_GetCapabilities
 .text.XMC_USBD_Init
                0x00000000080055dc      0x23c lib_build/xmc_usbd.o
                0x00000000080055dc                XMC_USBD_Init
 .text.XMC_USBD_Uninitialize
                0x0000000008005818       0x3c lib_build/xmc_usbd.o
                0x0000000008005818                XMC_USBD_Uninitialize
 .text.XMC_USBD_DeviceConnect
                0x0000000008005854       0x34 lib_build/xmc_usbd.o
                0x0000000008005854                XMC_USBD_DeviceConnect
 .text.XMC_USBD_DeviceDisconnect
                0x0000000008005888       0x34 lib_build/xmc_usbd.o
                0x0000000008005888                XMC_USBD_DeviceDisconnect
 .text.XMC_USBD_DeviceGetState
                0x00000000080058bc       0x64 lib_build/xmc_usbd.o
                0x00000000080058bc                XMC_USBD_DeviceGetState
 .text.XMC_USBD_EndpointReadStart
                0x0000000008005920       0x88 lib_build/xmc_usbd.o
                0x0000000008005920                XMC_USBD_EndpointReadStart
 .text.XMC_USBD_EndpointRead
                0x00000000080059a8       0x78 lib_build/xmc_usbd.o
                0x00000000080059a8                XMC_USBD_EndpointRead
 .text.XMC_USBD_EndpointWrite
                0x0000000008005a20       0xa4 lib_build/xmc_usbd.o
                0x0000000008005a20                XMC_USBD_EndpointWrite
 .text.XMC_USBD_DeviceSetAddress
                0x0000000008005ac4       0x4c lib_build/xmc_usbd.o
                0x0000000008005ac4                XMC_USBD_DeviceSetAddress
 .text.XMC_USBD_EndpointStall
                0x0000000008005b10      0x14c lib_build/xmc_usbd.o
                0x0000000008005b10                XMC_USBD_EndpointStall
 .text.XMC_USBD_EndpointAbort
                0x0000000008005c5c       0x88 lib_build/xmc_usbd.o
                0x0000000008005c5c                XMC_USBD_EndpointAbort
 .text.XMC_USBD_EndpointConfigure
                0x0000000008005ce4      0x2e8 lib_build/xmc_usbd.o
                0x0000000008005ce4                XMC_USBD_EndpointConfigure
 .text.XMC_USBD_EndpointUnconfigure
                0x0000000008005fcc      0x170 lib_build/xmc_usbd.o
                0x0000000008005fcc                XMC_USBD_EndpointUnconfigure
 .text.XMC_USBD_GetFrameNumber
                0x000000000800613c       0x2c lib_build/xmc_usbd.o
                0x000000000800613c                XMC_USBD_GetFrameNumber
 .text.XMC_USBD_IsEnumDone
                0x0000000008006168       0x38 lib_build/xmc_usbd.o
                0x0000000008006168                XMC_USBD_IsEnumDone
 .text          0x00000000080061a0        0x0 lib_build/ConfigDescriptors.o
 .text.USB_GetNextDescriptor
                0x00000000080061a0       0x4c lib_build/ConfigDescriptors.o
 .text.USB_GetNextDescriptorOfType
                0x00000000080061ec       0x36 lib_build/ConfigDescriptors.o
                0x00000000080061ec                USB_GetNextDescriptorOfType
 .text.USB_GetNextDescriptorOfTypeBefore
                0x0000000008006222       0x52 lib_build/ConfigDescriptors.o
                0x0000000008006222                USB_GetNextDescriptorOfTypeBefore
 .text.USB_GetNextDescriptorOfTypeAfter
                0x0000000008006274       0x3e lib_build/ConfigDescriptors.o
                0x0000000008006274                USB_GetNextDescriptorOfTypeAfter
 .text.USB_GetNextDescriptorComp
                0x00000000080062b2       0x5e lib_build/ConfigDescriptors.o
                0x00000000080062b2                USB_GetNextDescriptorComp
 .text          0x0000000008006310        0x0 lib_build/HostStandardReq.o
 .text          0x0000000008006310        0x0 lib_build/USBTask.o
 .text.USB_USBTask
                0x0000000008006310        0xc lib_build/USBTask.o
                0x0000000008006310                USB_USBTask
 .text.USB_DeviceTask
                0x000000000800631c       0x84 lib_build/USBTask.o
 .text          0x00000000080063a0        0x0 lib_build/Events.o
 .text.USB_Event_Stub
                0x00000000080063a0        0xe lib_build/Events.o
                0x00000000080063a0                EVENT_USB_Device_WakeUp
                0x00000000080063a0                USB_Event_Stub
                0x00000000080063a0                EVENT_USB_Device_Suspend
                0x00000000080063a0                EVENT_USB_Device_StartOfFrame
                0x00000000080063a0                EVENT_USB_Device_Disconnect
 .text          0x00000000080063ae        0x0 lib_build/startup_XMC4500.o
 .text          0x00000000080063ae        0x0 lib_build/system_XMC4500.o
 .text.delay    0x00000000080063ae       0x2a lib_build/system_XMC4500.o
 .text.SystemInit
                0x00000000080063d8       0x24 lib_build/system_XMC4500.o
                0x00000000080063d8                SystemInit
 .text.SystemCoreSetup
                0x00000000080063fc       0x70 lib_build/system_XMC4500.o
                0x00000000080063fc                SystemCoreSetup
 .text.SystemCoreClockSetup
                0x000000000800646c      0x208 lib_build/system_XMC4500.o
 .text.SystemCoreClockUpdate
                0x0000000008006674       0xd4 lib_build/system_XMC4500.o
                0x0000000008006674                SystemCoreClockUpdate
 .text.OSCHP_GetFrequency
                0x0000000008006748       0x14 lib_build/system_XMC4500.o
                0x0000000008006748                OSCHP_GetFrequency
 .text          0x000000000800675c        0x0 lib_build/syscalls.o
 .text._sbrk    0x000000000800675c       0x68 lib_build/syscalls.o
                0x000000000800675c                _sbrk
 .text._init    0x00000000080067c4        0xe lib_build/syscalls.o
                0x00000000080067c4                _init
 *fill*         0x00000000080067d2        0x2 
 .text          0x00000000080067d4      0x378 /usr/bin/../lib/gcc/arm-none-eabi/7.3.1/thumb/v7e-m/libgcc.a(_arm_addsubdf3.o)
                0x00000000080067d4                __aeabi_drsub
                0x00000000080067dc                __aeabi_dsub
                0x00000000080067dc                __subdf3
                0x00000000080067e0                __adddf3
                0x00000000080067e0                __aeabi_dadd
                0x0000000008006a58                __aeabi_ui2d
                0x0000000008006a58                __floatunsidf
                0x0000000008006a78                __floatsidf
                0x0000000008006a78                __aeabi_i2d
                0x0000000008006a9c                __extendsfdf2
                0x0000000008006a9c                __aeabi_f2d
                0x0000000008006ae0                __aeabi_ul2d
                0x0000000008006ae0                __floatundidf
                0x0000000008006af0                __floatdidf
                0x0000000008006af0                __aeabi_l2d
 .text          0x0000000008006b4c      0x110 /usr/bin/../lib/gcc/arm-none-eabi/7.3.1/thumb/v7e-m/libgcc.a(_arm_cmpdf2.o)
                0x0000000008006b4c                __gtdf2
                0x0000000008006b4c                __gedf2
                0x0000000008006b54                __ltdf2
                0x0000000008006b54                __ledf2
                0x0000000008006b5c                __cmpdf2
                0x0000000008006b5c                __eqdf2
                0x0000000008006b5c                __nedf2
                0x0000000008006bd8                __aeabi_cdrcmple
                0x0000000008006be8                __aeabi_cdcmple
                0x0000000008006be8                __aeabi_cdcmpeq
                0x0000000008006bf8                __aeabi_dcmpeq
                0x0000000008006c0c                __aeabi_dcmplt
                0x0000000008006c20                __aeabi_dcmple
                0x0000000008006c34                __aeabi_dcmpge
                0x0000000008006c48                __aeabi_dcmpgt
 .text          0x0000000008006c5c        0x0 /usr/bin/../lib/gcc/arm-none-eabi/7.3.1/../../../../arm-none-eabi/lib/thumb/v7e-m/libg.a(lib_a-errno.o)
 .text.__errno  0x0000000008006c5c        0xc /usr/bin/../lib/gcc/arm-none-eabi/7.3.1/../../../../arm-none-eabi/lib/thumb/v7e-m/libg.a(lib_a-errno.o)
                0x0000000008006c5c                __errno
 .text          0x0000000008006c68        0x0 /usr/bin/../lib/gcc/arm-none-eabi/7.3.1/../../../../arm-none-eabi/lib/thumb/v7e-m/libg.a(lib_a-impure.o)
 .text          0x0000000008006c68        0x0 /usr/bin/../lib/gcc/arm-none-eabi/7.3.1/../../../../arm-none-eabi/lib/thumb/v7e-m/libg.a(lib_a-init.o)
 .text.__libc_init_array
                0x0000000008006c68       0x48 /usr/bin/../lib/gcc/arm-none-eabi/7.3.1/../../../../arm-none-eabi/lib/thumb/v7e-m/libg.a(lib_a-init.o)
                0x0000000008006c68                __libc_init_array
 .text          0x0000000008006cb0        0x0 /usr/bin/../lib/gcc/arm-none-eabi/7.3.1/../../../../arm-none-eabi/lib/thumb/v7e-m/libg.a(lib_a-memcmp.o)
 .text.memcmp   0x0000000008006cb0       0x64 /usr/bin/../lib/gcc/arm-none-eabi/7.3.1/../../../../arm-none-eabi/lib/thumb/v7e-m/libg.a(lib_a-memcmp.o)
                0x0000000008006cb0                memcmp
 .text          0x0000000008006d14      0x134 /usr/bin/../lib/gcc/arm-none-eabi/7.3.1/../../../../arm-none-eabi/lib/thumb/v7e-m/libg.a(lib_a-memcpy.o)
                0x0000000008006d14                memcpy
 .text          0x0000000008006e48        0x0 /usr/bin/../lib/gcc/arm-none-eabi/7.3.1/../../../../arm-none-eabi/lib/thumb/v7e-m/libg.a(lib_a-memset.o)
 .text.memset   0x0000000008006e48       0x94 /usr/bin/../lib/gcc/arm-none-eabi/7.3.1/../../../../arm-none-eabi/lib/thumb/v7e-m/libg.a(lib_a-memset.o)
                0x0000000008006e48                memset
 *(.init)
 *(.fini)
 *crtbegin.o(.ctors)
 *crtbegin?.o(.ctors)
 *(EXCLUDE_FILE(*crtend.o *crtend?.o) .ctors)
 *(SORT_BY_NAME(.ctors.*))
 *(.ctors)
 *crtbegin.o(.dtors)
 *crtbegin?.o(.dtors)
 *(EXCLUDE_FILE(*crtend.o *crtend?.o) .dtors)
 *(SORT_BY_NAME(.dtors.*))
 *(.dtors)
 *(.rodata .rodata.*)
 .rodata        0x0000000008006edc      0x11e build/Descriptors.o
                0x0000000008006edc                KeyboardReport
                0x0000000008006f1c                DeviceDescriptor
                0x0000000008006f30                ConfigurationDescriptor
                0x0000000008006f54                LanguageString
                0x0000000008006f5c                ManufacturerString
                0x0000000008006fb0                ProductString
 *fill*         0x0000000008006ffa        0x2 
 .rodata        0x0000000008006ffc       0x64 build/authenticator_crack.o
                0x0000000008006ffc                pwchars
                0x0000000008007054                LED_config
 .rodata        0x0000000008007060       0x14 build/timing.o
                0x0000000008007060                clock_config
 .rodata        0x0000000008007074       0x40 lib_build/xmc_usbd.o
                0x0000000008007074                Driver_USBD0
 .rodata._global_impure_ptr
                0x00000000080070b4        0x4 /usr/bin/../lib/gcc/arm-none-eabi/7.3.1/../../../../arm-none-eabi/lib/thumb/v7e-m/libg.a(lib_a-impure.o)
                0x00000000080070b4                _global_impure_ptr
 *(.gnu.linkonce.r*)
 *(vtable)
                0x00000000080070b8                . = ALIGN (0x4)

.glue_7         0x00000000080070b8        0x0 load address 0x000000000c0070b8
 .glue_7        0x00000000080070b8        0x0 linker stubs

.glue_7t        0x00000000080070b8        0x0 load address 0x000000000c0070b8
 .glue_7t       0x00000000080070b8        0x0 linker stubs

.vfp11_veneer   0x00000000080070b8        0x0 load address 0x000000000c0070b8
 .vfp11_veneer  0x00000000080070b8        0x0 linker stubs

.v4_bx          0x00000000080070b8        0x0 load address 0x000000000c0070b8
 .v4_bx         0x00000000080070b8        0x0 linker stubs

.iplt           0x00000000080070b8        0x0 load address 0x000000000c0070b8
 .iplt          0x00000000080070b8        0x0 build/main.o

.rel.dyn        0x00000000080070b8        0x0 load address 0x000000000c0070b8
 .rel.iplt      0x00000000080070b8        0x0 build/main.o

.eh_frame_hdr
 *(.eh_frame_hdr)

.eh_frame
 *(.eh_frame)

.ARM.extab
 *(.ARM.extab* .gnu.linkonce.armextab.*)
                0x00000000080070b8                . = ALIGN (0x4)
                0x00000000080070b8                __exidx_start = .

.ARM.exidx
 *(.ARM.exidx* .gnu.linkonce.armexidx.*)
                0x00000000080070b8                __exidx_end = .
                0x00000000080070b8                . = ALIGN (0x4)

Stack           0x0000000010000000      0x800
                0x0000000010000000                __stack_start = .
                0x0000000010000800                . = (. + stack_size)
 *fill*         0x0000000010000000      0x800 
                0x0000000010000800                __stack_end = .
                0x0000000010000800                __initial_sp = .

.ram_code       0x0000000010000800        0x0 load address 0x000000000c0070b8
                0x0000000010000800                . = ALIGN (0x4)
                0x0000000010000800                __ram_code_start = .
 *(.ram_code)
                0x0000000010000800                . = ALIGN (0x4)
                0x0000000010000800                __ram_code_end = .
                0x000000000c0070b8                __ram_code_load = LOADADDR (.ram_code)
                0x0000000000000000                __ram_code_size = (__ram_code_end - __ram_code_start)

PSRAM_DATA      0x0000000010000800        0x0 load address 0x000000000c0070b8
                0x0000000010000800                . = ALIGN (0x4)
                0x0000000010000800                __data3_start = .
 *(PSRAM_DATA)
                0x0000000010000800                . = ALIGN (0x4)
                0x0000000010000800                __data3_end = .
                0x000000000c0070b8                __data3_load = LOADADDR (PSRAM_DATA)
                0x0000000000000000                __data3_size = (__data3_end - __data3_start)

PSRAM_BSS       0x0000000010000800        0x0 load address 0x000000000c0070b8
                0x0000000010000800                . = ALIGN (0x4)
                0x0000000010000800                __bss3_start = .
 *(PSRAM_BSS)
                0x0000000010000800                . = ALIGN (0x4)
                0x0000000010000800                __bss3_end = .
                0x0000000010000800                . = ALIGN (0x8)
                0x0000000010000800                Heap_Bank3_Start = .
                0x0000000000000000                __bss3_size = (__bss3_end - __bss3_start)

.data           0x0000000020000000      0x618 load address 0x000000000c0070b8
                0x0000000020000000                . = ALIGN (0x4)
                0x0000000020000000                __data_start = .
 *(.data)
 .data          0x0000000020000000        0x0 build/main.o
 .data          0x0000000020000000        0x0 build/Descriptors.o
 .data          0x0000000020000000       0x28 build/KeyboardHID.o
                0x0000000020000000                Generic_HID_Interface
                0x0000000020000018                USB_runtime
 .data          0x0000000020000028      0x1c1 build/authenticator_crack.o
                0x0000000020000028                psw
                0x0000000020000054                pswchars
                0x0000000020000120                inject_file
 .data          0x00000000200001e9        0x0 build/timing.o
 .data          0x00000000200001e9        0x0 lib_build/xmc4_scu.o
 .data          0x00000000200001e9        0x0 lib_build/xmc_gpio.o
 .data          0x00000000200001e9        0x0 lib_build/HIDClassDevice.o
 .data          0x00000000200001e9        0x0 lib_build/memcpy.o
 .data          0x00000000200001e9        0x0 lib_build/Endpoint_XMC4000.o
 .data          0x00000000200001e9        0x0 lib_build/EndpointStream_XMC4000.o
 .data          0x00000000200001e9        0x0 lib_build/USBController_XMC4000.o
 .data          0x00000000200001e9        0x0 lib_build/xmc_usbd.o
 .data          0x00000000200001e9        0x0 lib_build/ConfigDescriptors.o
 .data          0x00000000200001e9        0x0 lib_build/HostStandardReq.o
 .data          0x00000000200001e9        0x0 lib_build/USBTask.o
 .data          0x00000000200001e9        0x0 lib_build/Events.o
 .data          0x00000000200001e9        0x0 lib_build/startup_XMC4500.o
 .data          0x00000000200001e9        0x0 lib_build/system_XMC4500.o
 .data          0x00000000200001e9        0x0 lib_build/syscalls.o
 .data          0x00000000200001e9        0x0 /usr/bin/../lib/gcc/arm-none-eabi/7.3.1/thumb/v7e-m/libgcc.a(_arm_addsubdf3.o)
 .data          0x00000000200001e9        0x0 /usr/bin/../lib/gcc/arm-none-eabi/7.3.1/thumb/v7e-m/libgcc.a(_arm_cmpdf2.o)
 .data          0x00000000200001e9        0x0 /usr/bin/../lib/gcc/arm-none-eabi/7.3.1/../../../../arm-none-eabi/lib/thumb/v7e-m/libg.a(lib_a-errno.o)
 .data          0x00000000200001e9        0x0 /usr/bin/../lib/gcc/arm-none-eabi/7.3.1/../../../../arm-none-eabi/lib/thumb/v7e-m/libg.a(lib_a-impure.o)
 .data          0x00000000200001e9        0x0 /usr/bin/../lib/gcc/arm-none-eabi/7.3.1/../../../../arm-none-eabi/lib/thumb/v7e-m/libg.a(lib_a-init.o)
 .data          0x00000000200001e9        0x0 /usr/bin/../lib/gcc/arm-none-eabi/7.3.1/../../../../arm-none-eabi/lib/thumb/v7e-m/libg.a(lib_a-memcmp.o)
 .data          0x00000000200001e9        0x0 /usr/bin/../lib/gcc/arm-none-eabi/7.3.1/../../../../arm-none-eabi/lib/thumb/v7e-m/libg.a(lib_a-memcpy.o)
 .data          0x00000000200001e9        0x0 /usr/bin/../lib/gcc/arm-none-eabi/7.3.1/../../../../arm-none-eabi/lib/thumb/v7e-m/libg.a(lib_a-memset.o)
 *(.data*)
 *fill*         0x00000000200001e9        0x3 
 .data._impure_ptr
                0x00000000200001ec        0x4 /usr/bin/../lib/gcc/arm-none-eabi/7.3.1/../../../../arm-none-eabi/lib/thumb/v7e-m/libg.a(lib_a-impure.o)
                0x00000000200001ec                _impure_ptr
 .data.impure_data
                0x00000000200001f0      0x428 /usr/bin/../lib/gcc/arm-none-eabi/7.3.1/../../../../arm-none-eabi/lib/thumb/v7e-m/libg.a(lib_a-impure.o)
 *(*.data)
 *(.gnu.linkonce.d*)
                0x0000000020000618                . = ALIGN (0x4)
                0x0000000020000618                PROVIDE (__preinit_array_start = .)
 *(.preinit_array)
                0x0000000020000618                PROVIDE (__preinit_array_end = .)
                0x0000000020000618                . = ALIGN (0x4)
                0x0000000020000618                PROVIDE (__init_array_start = .)
 *(SORT_BY_NAME(.init_array.*))
 *(.init_array)
                0x0000000020000618                PROVIDE (__init_array_end = .)
                0x0000000020000618                . = ALIGN (0x4)
                [!provide]                        PROVIDE (__fini_array_start = .)
 *(SORT_BY_NAME(.fini_array.*))
 *(.fini_array)
                [!provide]                        PROVIDE (__fini_array_end = .)
                0x0000000020000618                . = ALIGN (0x4)
                0x0000000020000618                __data_end = .
                0x000000000c0070b8                __data_load = LOADADDR (.data)
                0x0000000000000618                __data_size = (__data_end - __data_start)

.igot.plt       0x0000000020000618        0x0 load address 0x000000000c0076d0
 .igot.plt      0x0000000020000618        0x0 build/main.o

.bss            0x0000000020000618      0x908 load address 0x000000000c0076d0
                0x0000000020000618                . = ALIGN (0x4)
                0x0000000020000618                __bss_start = .
 *(.bss)
 .bss           0x0000000020000618        0x0 build/main.o
 .bss           0x0000000020000618        0x0 build/Descriptors.o
 .bss           0x0000000020000618       0x14 build/KeyboardHID.o
                0x0000000020000618                hid
 .bss           0x000000002000062c       0x1e build/authenticator_crack.o
                0x000000002000062c                request_sent_at_time
                0x0000000020000630                response_received_at_time
                0x0000000020000634                max_response_time
                0x0000000020000638                send_message_flag
                0x0000000020000639                send_enter_flag
                0x000000002000063c                response_counter
                0x0000000020000640                max_index
                0x0000000020000644                consume_on
                0x0000000020000648                key
 *fill*         0x000000002000064a        0x2 
 .bss           0x000000002000064c        0x4 build/timing.o
                0x000000002000064c                CORE_TIME_VARIABLE
 .bss           0x0000000020000650        0x0 lib_build/xmc4_scu.o
 .bss           0x0000000020000650        0x0 lib_build/xmc_gpio.o
 .bss           0x0000000020000650        0x0 lib_build/HIDClassDevice.o
 .bss           0x0000000020000650        0x0 lib_build/memcpy.o
 .bss           0x0000000020000650        0x0 lib_build/Endpoint_XMC4000.o
 .bss           0x0000000020000650        0x1 lib_build/EndpointStream_XMC4000.o
                0x0000000020000650                zlp_flag
 .bss           0x0000000020000651        0x0 lib_build/USBController_XMC4000.o
 *fill*         0x0000000020000651        0x3 
 .bss           0x0000000020000654       0x38 lib_build/xmc_usbd.o
                0x0000000020000654                XMC_USBD_EP_OUT_BUFFERSIZE
                0x0000000020000670                XMC_USBD_EP_IN_BUFFERSIZE
 .bss           0x000000002000068c        0x0 lib_build/ConfigDescriptors.o
 .bss           0x000000002000068c        0x0 lib_build/HostStandardReq.o
 .bss           0x000000002000068c        0x0 lib_build/USBTask.o
 .bss           0x000000002000068c        0x0 lib_build/Events.o
 .bss           0x000000002000068c        0x0 lib_build/startup_XMC4500.o
 .bss           0x000000002000068c        0x0 lib_build/system_XMC4500.o
 .bss           0x000000002000068c        0x8 lib_build/syscalls.o
                0x000000002000068c                __dso_handle
 .bss           0x0000000020000694        0x0 /usr/bin/../lib/gcc/arm-none-eabi/7.3.1/thumb/v7e-m/libgcc.a(_arm_addsubdf3.o)
 .bss           0x0000000020000694        0x0 /usr/bin/../lib/gcc/arm-none-eabi/7.3.1/thumb/v7e-m/libgcc.a(_arm_cmpdf2.o)
 .bss           0x0000000020000694        0x0 /usr/bin/../lib/gcc/arm-none-eabi/7.3.1/../../../../arm-none-eabi/lib/thumb/v7e-m/libg.a(lib_a-errno.o)
 .bss           0x0000000020000694        0x0 /usr/bin/../lib/gcc/arm-none-eabi/7.3.1/../../../../arm-none-eabi/lib/thumb/v7e-m/libg.a(lib_a-impure.o)
 .bss           0x0000000020000694        0x0 /usr/bin/../lib/gcc/arm-none-eabi/7.3.1/../../../../arm-none-eabi/lib/thumb/v7e-m/libg.a(lib_a-init.o)
 .bss           0x0000000020000694        0x0 /usr/bin/../lib/gcc/arm-none-eabi/7.3.1/../../../../arm-none-eabi/lib/thumb/v7e-m/libg.a(lib_a-memcmp.o)
 .bss           0x0000000020000694        0x0 /usr/bin/../lib/gcc/arm-none-eabi/7.3.1/../../../../arm-none-eabi/lib/thumb/v7e-m/libg.a(lib_a-memcpy.o)
 .bss           0x0000000020000694        0x0 /usr/bin/../lib/gcc/arm-none-eabi/7.3.1/../../../../arm-none-eabi/lib/thumb/v7e-m/libg.a(lib_a-memset.o)
 *(.bss*)
 *(COMMON)
 *fill*         0x0000000020000694        0x4 
 COMMON         0x0000000020000698      0x2a8 build/main.o
                0x0000000020000698                max_iteration_time
                0x0000000020000938                samples_response_time
 COMMON         0x0000000020000940        0x8 build/KeyboardHID.o
                0x0000000020000940                buffer
 COMMON         0x0000000020000948       0x80 lib_build/xmc4_scu.o
                0x0000000020000948                event_handler_list
 COMMON         0x00000000200009c8      0x340 lib_build/USBController_XMC4000.o
                0x00000000200009c8                endpoint0_in_buffer
                0x0000000020000ac8                endpoint0_out_buffer
                0x0000000020000bc8                device
 COMMON         0x0000000020000d08      0x20c lib_build/xmc_usbd.o
                0x0000000020000d08                usbd_init
                0x0000000020000d0c                xmc_device
 COMMON         0x0000000020000f14        0xc lib_build/USBTask.o
                0x0000000020000f14                USB_IsInitialized
                0x0000000020000f15                USB_DeviceState
                0x0000000020000f18                USB_ControlRequest
 *(.gnu.linkonce.b*)
                0x0000000020000f20                . = ALIGN (0x4)
                0x0000000020000f20                __bss_end = .
                0x0000000020000f20                . = ALIGN (0x8)
                0x0000000020000f20                Heap_Bank1_Start = .
                0x0000000000000908                __bss_size = (__bss_end - __bss_start)

.no_init        0x000000002000ffc0       0x14
                0x000000002000ffc0                Heap_Bank1_End = .
 *(.no_init)
 .no_init       0x000000002000ffc0       0x14 lib_build/system_XMC4500.o
                0x000000002000ffc0                SystemCoreClock
                0x000000002000ffc4                g_chipid

DSRAM2_DATA     0x0000000030000000        0x0 load address 0x000000000c0076d0
                0x0000000030000000                . = ALIGN (0x4)
                0x0000000030000000                __data2_start = .
 *(DSRAM2_DATA)
                0x0000000030000000                . = ALIGN (0x4)
                0x0000000030000000                __data2_end = .
                0x000000000c0076d0                __data2_load = LOADADDR (DSRAM2_DATA)
                0x0000000000000000                __data2_size = (__data2_end - __data2_start)
                0x00000000000076d0                __text_size = (((((__exidx_end - sText) + __data_size) + __ram_code_size) + __data2_size) + __data3_size)
                0x00000000080076d0                eText = (sText + __text_size)

DSRAM2_BSS      0x0000000030000000      0xe00 load address 0x000000000c0076d0
                0x0000000030000000                . = ALIGN (0x4)
                0x0000000030000000                __bss2_start = .
 *(ETH_RAM)
 *(USB_RAM)
 USB_RAM        0x0000000030000000      0xe00 lib_build/xmc_usbd.o
 *(DSRAM2_BSS)
                0x0000000030000e00                . = ALIGN (0x4)
                0x0000000030000e00                __bss2_end = .
                0x0000000030000e00                . = ALIGN (0x8)
                0x0000000030000e00                Heap_Bank2_Start = .
                0x0000000000000e00                __bss2_size = (__bss2_end - __bss2_start)
                0x000000000000f0a0                Heap_Bank1_Size = (Heap_Bank1_End - Heap_Bank1_Start)
                0x0000000000007200                Heap_Bank2_Size = (LENGTH (DSRAM_2_comm) - (Heap_Bank2_Start - ORIGIN (DSRAM_2_comm)))
                0x000000000000f800                Heap_Bank3_Size = (LENGTH (PSRAM_1) - (Heap_Bank3_Start - ORIGIN (PSRAM_1)))
                0x0000000000000001                ASSERT ((Heap_Bank1_Start <= Heap_Bank1_End), region SRAM_combined overflowed no_init section)

/DISCARD/
 *(.comment)

.stab
 *(.stab)

.stabstr
 *(.stabstr)

.debug
 *(.debug)

.line
 *(.line)

.debug_srcinfo
 *(.debug_srcinfo)

.debug_sfnames
 *(.debug_sfnames)

.debug_aranges  0x0000000000000000      0x958
 *(.debug_aranges)
 .debug_aranges
                0x0000000000000000       0x30 build/main.o
 .debug_aranges
                0x0000000000000030       0x20 build/Descriptors.o
 .debug_aranges
                0x0000000000000050       0xb8 build/KeyboardHID.o
 .debug_aranges
                0x0000000000000108       0x18 build/authenticator_crack.o
 .debug_aranges
                0x0000000000000120       0x30 build/timing.o
 .debug_aranges
                0x0000000000000150      0x3c8 lib_build/xmc4_scu.o
 .debug_aranges
                0x0000000000000518       0x28 lib_build/xmc_gpio.o
 .debug_aranges
                0x0000000000000540       0x30 lib_build/HIDClassDevice.o
 .debug_aranges
                0x0000000000000570       0x20 lib_build/memcpy.o
 .debug_aranges
                0x0000000000000590       0x70 lib_build/Endpoint_XMC4000.o
 .debug_aranges
                0x0000000000000600       0x68 lib_build/EndpointStream_XMC4000.o
 .debug_aranges
                0x0000000000000668       0x68 lib_build/USBController_XMC4000.o
 .debug_aranges
                0x00000000000006d0      0x158 lib_build/xmc_usbd.o
 .debug_aranges
                0x0000000000000828       0x40 lib_build/ConfigDescriptors.o
 .debug_aranges
                0x0000000000000868       0x18 lib_build/HostStandardReq.o
 .debug_aranges
                0x0000000000000880       0x28 lib_build/USBTask.o
 .debug_aranges
                0x00000000000008a8       0x20 lib_build/Events.o
 .debug_aranges
                0x00000000000008c8       0x20 lib_build/startup_XMC4500.o
 .debug_aranges
                0x00000000000008e8       0x48 lib_build/system_XMC4500.o
 .debug_aranges
                0x0000000000000930       0x28 lib_build/syscalls.o

.debug_pubnames
 *(.debug_pubnames)

.debug_pubtypes
 *(.debug_pubtypes)

.debug_info     0x0000000000000000    0x23b5e
 *(.debug_info .gnu.linkonce.wi.*)
 .debug_info    0x0000000000000000     0x2adf build/main.o
 .debug_info    0x0000000000002adf     0x252c build/Descriptors.o
 .debug_info    0x000000000000500b     0x30e3 build/KeyboardHID.o
 .debug_info    0x00000000000080ee     0x244b build/authenticator_crack.o
 .debug_info    0x000000000000a539     0x254e build/timing.o
 .debug_info    0x000000000000ca87     0x2a2c lib_build/xmc4_scu.o
 .debug_info    0x000000000000f4b3      0xcc6 lib_build/xmc_gpio.o
 .debug_info    0x0000000000010179     0x2402 lib_build/HIDClassDevice.o
 .debug_info    0x000000000001257b      0x9c9 lib_build/memcpy.o
 .debug_info    0x0000000000012f44     0x2810 lib_build/Endpoint_XMC4000.o
 .debug_info    0x0000000000015754     0x23ce lib_build/EndpointStream_XMC4000.o
 .debug_info    0x0000000000017b22     0x226c lib_build/USBController_XMC4000.o
 .debug_info    0x0000000000019d8e     0x40c6 lib_build/xmc_usbd.o
 .debug_info    0x000000000001de54      0xc90 lib_build/ConfigDescriptors.o
 .debug_info    0x000000000001eae4      0x9e9 lib_build/HostStandardReq.o
 .debug_info    0x000000000001f4cd     0x205c lib_build/USBTask.o
 .debug_info    0x0000000000021529      0xa0b lib_build/Events.o
 .debug_info    0x0000000000021f34       0x26 lib_build/startup_XMC4500.o
 .debug_info    0x0000000000021f5a     0x11ca lib_build/system_XMC4500.o
 .debug_info    0x0000000000023124      0xa3a lib_build/syscalls.o

.debug_abbrev   0x0000000000000000     0x3453
 *(.debug_abbrev)
 .debug_abbrev  0x0000000000000000      0x2e9 build/main.o
 .debug_abbrev  0x00000000000002e9      0x291 build/Descriptors.o
 .debug_abbrev  0x000000000000057a      0x438 build/KeyboardHID.o
 .debug_abbrev  0x00000000000009b2      0x26c build/authenticator_crack.o
 .debug_abbrev  0x0000000000000c1e      0x2b8 build/timing.o
 .debug_abbrev  0x0000000000000ed6      0x35d lib_build/xmc4_scu.o
 .debug_abbrev  0x0000000000001233      0x1f8 lib_build/xmc_gpio.o
 .debug_abbrev  0x000000000000142b      0x34f lib_build/HIDClassDevice.o
 .debug_abbrev  0x000000000000177a      0x193 lib_build/memcpy.o
 .debug_abbrev  0x000000000000190d      0x3b1 lib_build/Endpoint_XMC4000.o
 .debug_abbrev  0x0000000000001cbe      0x325 lib_build/EndpointStream_XMC4000.o
 .debug_abbrev  0x0000000000001fe3      0x37a lib_build/USBController_XMC4000.o
 .debug_abbrev  0x000000000000235d      0x455 lib_build/xmc_usbd.o
 .debug_abbrev  0x00000000000027b2      0x22a lib_build/ConfigDescriptors.o
 .debug_abbrev  0x00000000000029dc      0x177 lib_build/HostStandardReq.o
 .debug_abbrev  0x0000000000002b53      0x2f4 lib_build/USBTask.o
 .debug_abbrev  0x0000000000002e47      0x195 lib_build/Events.o
 .debug_abbrev  0x0000000000002fdc       0x14 lib_build/startup_XMC4500.o
 .debug_abbrev  0x0000000000002ff0      0x287 lib_build/system_XMC4500.o
 .debug_abbrev  0x0000000000003277      0x1dc lib_build/syscalls.o

.debug_line     0x0000000000000000     0xbec9
 *(.debug_line)
 .debug_line    0x0000000000000000      0xf15 build/main.o
 .debug_line    0x0000000000000f15      0xe75 build/Descriptors.o
 .debug_line    0x0000000000001d8a     0x1147 build/KeyboardHID.o
 .debug_line    0x0000000000002ed1      0xec7 build/authenticator_crack.o
 .debug_line    0x0000000000003d98      0xef1 build/timing.o
 .debug_line    0x0000000000004c89      0xe9c lib_build/xmc4_scu.o
 .debug_line    0x0000000000005b25      0x38c lib_build/xmc_gpio.o
 .debug_line    0x0000000000005eb1     0x1226 lib_build/HIDClassDevice.o
 .debug_line    0x00000000000070d7      0x27e lib_build/memcpy.o
 .debug_line    0x0000000000007355      0xd0c lib_build/Endpoint_XMC4000.o
 .debug_line    0x0000000000008061      0xb0a lib_build/EndpointStream_XMC4000.o
 .debug_line    0x0000000000008b6b      0xb74 lib_build/USBController_XMC4000.o
 .debug_line    0x00000000000096df      0x9d0 lib_build/xmc_usbd.o
 .debug_line    0x000000000000a0af      0x4f5 lib_build/ConfigDescriptors.o
 .debug_line    0x000000000000a5a4      0x439 lib_build/HostStandardReq.o
 .debug_line    0x000000000000a9dd      0x926 lib_build/USBTask.o
 .debug_line    0x000000000000b303      0x44c lib_build/Events.o
 .debug_line    0x000000000000b74f       0xd1 lib_build/startup_XMC4500.o
 .debug_line    0x000000000000b820      0x404 lib_build/system_XMC4500.o
 .debug_line    0x000000000000bc24      0x2a5 lib_build/syscalls.o

.debug_frame    0x0000000000000000     0x26e0
 *(.debug_frame)
 .debug_frame   0x0000000000000000       0x88 build/main.o
 .debug_frame   0x0000000000000088       0x38 build/Descriptors.o
 .debug_frame   0x00000000000000c0      0x2f4 build/KeyboardHID.o
 .debug_frame   0x00000000000003b4       0x74 build/timing.o
 .debug_frame   0x0000000000000428     0x11bc lib_build/xmc4_scu.o
 .debug_frame   0x00000000000015e4       0x60 lib_build/xmc_gpio.o
 .debug_frame   0x0000000000001644       0x98 lib_build/HIDClassDevice.o
 .debug_frame   0x00000000000016dc       0x20 lib_build/memcpy.o
 .debug_frame   0x00000000000016fc      0x1cc lib_build/Endpoint_XMC4000.o
 .debug_frame   0x00000000000018c8      0x1a0 lib_build/EndpointStream_XMC4000.o
 .debug_frame   0x0000000000001a68      0x170 lib_build/USBController_XMC4000.o
 .debug_frame   0x0000000000001bd8      0x634 lib_build/xmc_usbd.o
 .debug_frame   0x000000000000220c       0xd8 lib_build/ConfigDescriptors.o
 .debug_frame   0x00000000000022e4       0x54 lib_build/USBTask.o
 .debug_frame   0x0000000000002338       0x34 lib_build/Events.o
 .debug_frame   0x000000000000236c       0xec lib_build/system_XMC4500.o
 .debug_frame   0x0000000000002458       0x5c lib_build/syscalls.o
 .debug_frame   0x00000000000024b4       0xac /usr/bin/../lib/gcc/arm-none-eabi/7.3.1/thumb/v7e-m/libgcc.a(_arm_addsubdf3.o)
 .debug_frame   0x0000000000002560       0xc4 /usr/bin/../lib/gcc/arm-none-eabi/7.3.1/thumb/v7e-m/libgcc.a(_arm_cmpdf2.o)
 .debug_frame   0x0000000000002624       0x20 /usr/bin/../lib/gcc/arm-none-eabi/7.3.1/../../../../arm-none-eabi/lib/thumb/v7e-m/libg.a(lib_a-errno.o)
 .debug_frame   0x0000000000002644       0x2c /usr/bin/../lib/gcc/arm-none-eabi/7.3.1/../../../../arm-none-eabi/lib/thumb/v7e-m/libg.a(lib_a-init.o)
 .debug_frame   0x0000000000002670       0x38 /usr/bin/../lib/gcc/arm-none-eabi/7.3.1/../../../../arm-none-eabi/lib/thumb/v7e-m/libg.a(lib_a-memcmp.o)
 .debug_frame   0x00000000000026a8       0x38 /usr/bin/../lib/gcc/arm-none-eabi/7.3.1/../../../../arm-none-eabi/lib/thumb/v7e-m/libg.a(lib_a-memset.o)

.debug_str      0x0000000000000000    0x83ee3
 *(.debug_str)
 .debug_str     0x0000000000000000    0x7d943 build/main.o
                                      0x7dded (size before relaxing)
 .debug_str     0x000000000007d943      0x6f5 build/Descriptors.o
                                      0x7958d (size before relaxing)
 .debug_str     0x000000000007e038      0x3ad build/KeyboardHID.o
                                      0x7df6a (size before relaxing)
 .debug_str     0x000000000007e3e5      0x1f8 build/authenticator_crack.o
                                      0x7d8d5 (size before relaxing)
 .debug_str     0x000000000007e5dd      0x4c2 build/timing.o
                                      0x7d8c1 (size before relaxing)
 .debug_str     0x000000000007ea9f     0x2031 lib_build/xmc4_scu.o
                                      0x7230d (size before relaxing)
 .debug_str     0x0000000000080ad0       0xd3 lib_build/xmc_gpio.o
                                      0x7391d (size before relaxing)
 .debug_str     0x0000000000080ba3      0x318 lib_build/HIDClassDevice.o
                                      0x791e7 (size before relaxing)
 .debug_str     0x0000000000080ebb       0x76 lib_build/memcpy.o
                                       0x73d5 (size before relaxing)
 .debug_str     0x0000000000080f31      0x2cb lib_build/Endpoint_XMC4000.o
                                      0x73e92 (size before relaxing)
 .debug_str     0x00000000000811fc      0x333 lib_build/EndpointStream_XMC4000.o
                                      0x737b8 (size before relaxing)
 .debug_str     0x000000000008152f      0x309 lib_build/USBController_XMC4000.o
                                      0x7383c (size before relaxing)
 .debug_str     0x0000000000081838     0x11d4 lib_build/xmc_usbd.o
                                      0x731a2 (size before relaxing)
 .debug_str     0x0000000000082a0c      0x25c lib_build/ConfigDescriptors.o
                                      0x70d76 (size before relaxing)
 .debug_str     0x0000000000082c68       0x61 lib_build/HostStandardReq.o
                                      0x705f3 (size before relaxing)
 .debug_str     0x0000000000082cc9       0xb7 lib_build/USBTask.o
                                      0x735e4 (size before relaxing)
 .debug_str     0x0000000000082d80       0x80 lib_build/Events.o
                                      0x70623 (size before relaxing)
 .debug_str     0x0000000000082e00       0x74 lib_build/startup_XMC4500.o
                                         0x9b (size before relaxing)
 .debug_str     0x0000000000082e74      0xb55 lib_build/system_XMC4500.o
                                      0x7018e (size before relaxing)
 .debug_str     0x00000000000839c9      0x51a lib_build/syscalls.o
                                       0x7b65 (size before relaxing)

.debug_loc      0x0000000000000000     0x49e2
 *(.debug_loc)
 .debug_loc     0x0000000000000000       0xfc build/main.o
 .debug_loc     0x00000000000000fc       0x5c build/Descriptors.o
 .debug_loc     0x0000000000000158      0x5d4 build/KeyboardHID.o
 .debug_loc     0x000000000000072c       0xb4 build/timing.o
 .debug_loc     0x00000000000007e0     0x2504 lib_build/xmc4_scu.o
 .debug_loc     0x0000000000002ce4       0xb8 lib_build/xmc_gpio.o
 .debug_loc     0x0000000000002d9c       0xf2 lib_build/HIDClassDevice.o
 .debug_loc     0x0000000000002e8e      0x3c4 lib_build/Endpoint_XMC4000.o
 .debug_loc     0x0000000000003252      0x32c lib_build/EndpointStream_XMC4000.o
 .debug_loc     0x000000000000357e      0x29c lib_build/USBController_XMC4000.o
 .debug_loc     0x000000000000381a      0xd34 lib_build/xmc_usbd.o
 .debug_loc     0x000000000000454e      0x19c lib_build/ConfigDescriptors.o
 .debug_loc     0x00000000000046ea       0x7c lib_build/USBTask.o
 .debug_loc     0x0000000000004766       0x44 lib_build/Events.o
 .debug_loc     0x00000000000047aa      0x1a4 lib_build/system_XMC4500.o
 .debug_loc     0x000000000000494e       0x94 lib_build/syscalls.o

.debug_macinfo
 *(.debug_macinfo)

.debug_ranges   0x0000000000000000      0x7f8
 *(.debug_ranges)
 .debug_ranges  0x0000000000000000       0x20 build/main.o
 .debug_ranges  0x0000000000000020       0x10 build/Descriptors.o
 .debug_ranges  0x0000000000000030       0xa8 build/KeyboardHID.o
 .debug_ranges  0x00000000000000d8       0x20 build/timing.o
 .debug_ranges  0x00000000000000f8      0x3b8 lib_build/xmc4_scu.o
 .debug_ranges  0x00000000000004b0       0x18 lib_build/xmc_gpio.o
 .debug_ranges  0x00000000000004c8       0x20 lib_build/HIDClassDevice.o
 .debug_ranges  0x00000000000004e8       0x10 lib_build/memcpy.o
 .debug_ranges  0x00000000000004f8       0x60 lib_build/Endpoint_XMC4000.o
 .debug_ranges  0x0000000000000558       0x58 lib_build/EndpointStream_XMC4000.o
 .debug_ranges  0x00000000000005b0       0x58 lib_build/USBController_XMC4000.o
 .debug_ranges  0x0000000000000608      0x148 lib_build/xmc_usbd.o
 .debug_ranges  0x0000000000000750       0x30 lib_build/ConfigDescriptors.o
 .debug_ranges  0x0000000000000780       0x18 lib_build/USBTask.o
 .debug_ranges  0x0000000000000798       0x10 lib_build/Events.o
 .debug_ranges  0x00000000000007a8       0x38 lib_build/system_XMC4500.o
 .debug_ranges  0x00000000000007e0       0x18 lib_build/syscalls.o

.debug_weaknames
 *(.debug_weaknames)

.debug_funcnames
 *(.debug_funcnames)

.debug_typenames
 *(.debug_typenames)

.debug_varnames
 *(.debug_varnames)

.build_attributes
                0x0000000000000000      0x578
 *(.ARM.attributes)
 .ARM.attributes
                0x0000000000000000       0x37 build/main.o
 .ARM.attributes
                0x0000000000000037       0x37 build/Descriptors.o
 .ARM.attributes
                0x000000000000006e       0x37 build/KeyboardHID.o
 .ARM.attributes
                0x00000000000000a5       0x37 build/authenticator_crack.o
 .ARM.attributes
                0x00000000000000dc       0x37 build/timing.o
 .ARM.attributes
                0x0000000000000113       0x37 lib_build/xmc4_scu.o
 .ARM.attributes
                0x000000000000014a       0x37 lib_build/xmc_gpio.o
 .ARM.attributes
                0x0000000000000181       0x37 lib_build/HIDClassDevice.o
 .ARM.attributes
                0x00000000000001b8       0x37 lib_build/memcpy.o
 .ARM.attributes
                0x00000000000001ef       0x37 lib_build/Endpoint_XMC4000.o
 .ARM.attributes
                0x0000000000000226       0x37 lib_build/EndpointStream_XMC4000.o
 .ARM.attributes
                0x000000000000025d       0x37 lib_build/USBController_XMC4000.o
 .ARM.attributes
                0x0000000000000294       0x37 lib_build/xmc_usbd.o
 .ARM.attributes
                0x00000000000002cb       0x37 lib_build/ConfigDescriptors.o
 .ARM.attributes
                0x0000000000000302       0x37 lib_build/HostStandardReq.o
 .ARM.attributes
                0x0000000000000339       0x37 lib_build/USBTask.o
 .ARM.attributes
                0x0000000000000370       0x37 lib_build/Events.o
 .ARM.attributes
                0x00000000000003a7       0x25 lib_build/startup_XMC4500.o
 .ARM.attributes
                0x00000000000003cc       0x37 lib_build/system_XMC4500.o
 .ARM.attributes
                0x0000000000000403       0x37 lib_build/syscalls.o
 .ARM.attributes
                0x000000000000043a       0x1e /usr/bin/../lib/gcc/arm-none-eabi/7.3.1/thumb/v7e-m/libgcc.a(_arm_addsubdf3.o)
 .ARM.attributes
                0x0000000000000458       0x1e /usr/bin/../lib/gcc/arm-none-eabi/7.3.1/thumb/v7e-m/libgcc.a(_arm_cmpdf2.o)
 .ARM.attributes
                0x0000000000000476       0x2e /usr/bin/../lib/gcc/arm-none-eabi/7.3.1/../../../../arm-none-eabi/lib/thumb/v7e-m/libg.a(lib_a-errno.o)
 .ARM.attributes
                0x00000000000004a4       0x2e /usr/bin/../lib/gcc/arm-none-eabi/7.3.1/../../../../arm-none-eabi/lib/thumb/v7e-m/libg.a(lib_a-impure.o)
 .ARM.attributes
                0x00000000000004d2       0x2e /usr/bin/../lib/gcc/arm-none-eabi/7.3.1/../../../../arm-none-eabi/lib/thumb/v7e-m/libg.a(lib_a-init.o)
 .ARM.attributes
                0x0000000000000500       0x2e /usr/bin/../lib/gcc/arm-none-eabi/7.3.1/../../../../arm-none-eabi/lib/thumb/v7e-m/libg.a(lib_a-memcmp.o)
 .ARM.attributes
                0x000000000000052e       0x1c /usr/bin/../lib/gcc/arm-none-eabi/7.3.1/../../../../arm-none-eabi/lib/thumb/v7e-m/libg.a(lib_a-memcpy.o)
 .ARM.attributes
                0x000000000000054a       0x2e /usr/bin/../lib/gcc/arm-none-eabi/7.3.1/../../../../arm-none-eabi/lib/thumb/v7e-m/libg.a(lib_a-memset.o)
OUTPUT(build/main.elf elf32-littlearm)

.debug_macro    0x0000000000000000    0x1d7f3
 .debug_macro   0x0000000000000000      0x53e build/main.o
 .debug_macro   0x000000000000053e      0xa4e build/main.o
 .debug_macro   0x0000000000000f8c       0x12 build/main.o
 .debug_macro   0x0000000000000f9e       0x10 build/main.o
 .debug_macro   0x0000000000000fae       0x22 build/main.o
 .debug_macro   0x0000000000000fd0       0x8e build/main.o
 .debug_macro   0x000000000000105e       0x51 build/main.o
 .debug_macro   0x00000000000010af       0xef build/main.o
 .debug_macro   0x000000000000119e       0x6a build/main.o
 .debug_macro   0x0000000000001208      0x1df build/main.o
 .debug_macro   0x00000000000013e7       0x22 build/main.o
 .debug_macro   0x0000000000001409       0x5e build/main.o
 .debug_macro   0x0000000000001467       0x18 build/main.o
 .debug_macro   0x000000000000147f       0x35 build/main.o
 .debug_macro   0x00000000000014b4       0x34 build/main.o
 .debug_macro   0x00000000000014e8      0x16d build/main.o
 .debug_macro   0x0000000000001655       0x58 build/main.o
 .debug_macro   0x00000000000016ad       0x1f build/main.o
 .debug_macro   0x00000000000016cc       0x43 build/main.o
 .debug_macro   0x000000000000170f       0x20 build/main.o
 .debug_macro   0x000000000000172f      0x18e build/main.o
 .debug_macro   0x00000000000018bd      0x353 build/main.o
 .debug_macro   0x0000000000001c10       0x10 build/main.o
 .debug_macro   0x0000000000001c20       0x35 build/main.o
 .debug_macro   0x0000000000001c55      0x1a7 build/main.o
 .debug_macro   0x0000000000001dfc       0x22 build/main.o
 .debug_macro   0x0000000000001e1e       0x6f build/main.o
 .debug_macro   0x0000000000001e8d      0x167 build/main.o
 .debug_macro   0x0000000000001ff4       0x2d build/main.o
 .debug_macro   0x0000000000002021       0x28 build/main.o
 .debug_macro   0x0000000000002049       0xaf build/main.o
 .debug_macro   0x00000000000020f8      0xfe7 build/main.o
 .debug_macro   0x00000000000030df       0x16 build/main.o
 .debug_macro   0x00000000000030f5    0x1474b build/main.o
 .debug_macro   0x0000000000017840       0x12 build/main.o
 .debug_macro   0x0000000000017852       0x4c build/main.o
 .debug_macro   0x000000000001789e       0x86 build/main.o
 .debug_macro   0x0000000000017924       0x40 build/main.o
 .debug_macro   0x0000000000017964       0x4d build/main.o
 .debug_macro   0x00000000000179b1       0x16 build/main.o
 .debug_macro   0x00000000000179c7       0x16 build/main.o
 .debug_macro   0x00000000000179dd       0x29 build/main.o
 .debug_macro   0x0000000000017a06      0x2c3 build/main.o
 .debug_macro   0x0000000000017cc9       0xa5 build/main.o
 .debug_macro   0x0000000000017d6e       0xc5 build/main.o
 .debug_macro   0x0000000000017e33       0x16 build/main.o
 .debug_macro   0x0000000000017e49       0x7a build/main.o
 .debug_macro   0x0000000000017ec3       0x16 build/main.o
 .debug_macro   0x0000000000017ed9       0x16 build/main.o
 .debug_macro   0x0000000000017eef       0x64 build/main.o
 .debug_macro   0x0000000000017f53       0x22 build/main.o
 .debug_macro   0x0000000000017f75       0x16 build/main.o
 .debug_macro   0x0000000000017f8b       0x40 build/main.o
 .debug_macro   0x0000000000017fcb       0x1c build/main.o
 .debug_macro   0x0000000000017fe7       0x10 build/main.o
 .debug_macro   0x0000000000017ff7       0x10 build/main.o
 .debug_macro   0x0000000000018007       0x1c build/main.o
 .debug_macro   0x0000000000018023       0x52 build/main.o
 .debug_macro   0x0000000000018075       0x40 build/main.o
 .debug_macro   0x00000000000180b5       0x10 build/main.o
 .debug_macro   0x00000000000180c5       0x40 build/main.o
 .debug_macro   0x0000000000018105       0xd7 build/main.o
 .debug_macro   0x00000000000181dc       0x1c build/main.o
 .debug_macro   0x00000000000181f8       0x3d build/main.o
 .debug_macro   0x0000000000018235       0x16 build/main.o
 .debug_macro   0x000000000001824b      0x16f build/main.o
 .debug_macro   0x00000000000183ba       0x16 build/main.o
 .debug_macro   0x00000000000183d0      0x154 build/main.o
 .debug_macro   0x0000000000018524       0x2a build/main.o
 .debug_macro   0x000000000001854e      0x6ce build/main.o
 .debug_macro   0x0000000000018c1c       0x16 build/main.o
 .debug_macro   0x0000000000018c32      0x132 build/main.o
 .debug_macro   0x0000000000018d64       0x16 build/main.o